Archive member included because of file (symbol)

c:/program files/microchip/xc32/v2.41/bin/bin/../../lib/gcc/pic32mx/4.8.3/../../../../pic32mx/lib\libmchp_peripheral.a(read_core_timer_lib.o)
                              build/default/debug/_ext/536368125/ETHPIC32ExtPhy.o (ReadCoreTimer)
c:/program files/microchip/xc32/v2.41/bin/bin/../../lib/gcc/pic32mx/4.8.3/../../../../pic32mx/lib\libmchp_peripheral_32MX795F512L.a(eth_ack_packet_lib.o)
                              build/default/debug/_ext/536368125/ETHPIC32IntMac.o (EthRxAcknowledgeBuffer)
c:/program files/microchip/xc32/v2.41/bin/bin/../../lib/gcc/pic32mx/4.8.3/../../../../pic32mx/lib\libmchp_peripheral_32MX795F512L.a(eth_descriptors_add_lib.o)
                              c:/program files/microchip/xc32/v2.41/bin/bin/../../lib/gcc/pic32mx/4.8.3/../../../../pic32mx/lib\libmchp_peripheral_32MX795F512L.a(eth_ack_packet_lib.o) (_EthTxFreeList)
c:/program files/microchip/xc32/v2.41/bin/bin/../../lib/gcc/pic32mx/4.8.3/../../../../pic32mx/lib\libmchp_peripheral_32MX795F512L.a(eth_init_lib.o)
                              build/default/debug/_ext/536368125/ETHPIC32IntMac.o (EthInit)
c:/program files/microchip/xc32/v2.41/bin/bin/../../lib/gcc/pic32mx/4.8.3/../../../../pic32mx/lib\libmchp_peripheral_32MX795F512L.a(eth_mac_open_lib.o)
                              build/default/debug/_ext/536368125/ETHPIC32IntMac.o (EthMACOpen)
c:/program files/microchip/xc32/v2.41/bin/bin/../../lib/gcc/pic32mx/4.8.3/../../../../pic32mx/lib\libmchp_peripheral_32MX795F512L.a(eth_mac_set_address_max_lib.o)
                              build/default/debug/_ext/536368125/ETHPIC32IntMac.o (EthMACSetAddress)
c:/program files/microchip/xc32/v2.41/bin/bin/../../lib/gcc/pic32mx/4.8.3/../../../../pic32mx/lib\libmchp_peripheral_32MX795F512L.a(eth_rx_buffers_append_lib.o)
                              build/default/debug/_ext/536368125/ETHPIC32IntMac.o (EthRxBuffersAppend)
c:/program files/microchip/xc32/v2.41/bin/bin/../../lib/gcc/pic32mx/4.8.3/../../../../pic32mx/lib\libmchp_peripheral_32MX795F512L.a(eth_rx_filters_lib.o)
                              build/default/debug/_ext/536368125/ETHPIC32IntMac.o (EthRxFiltersSet)
c:/program files/microchip/xc32/v2.41/bin/bin/../../lib/gcc/pic32mx/4.8.3/../../../../pic32mx/lib\libmchp_peripheral_32MX795F512L.a(eth_rx_get_packet_lib.o)
                              build/default/debug/_ext/536368125/ETHPIC32IntMac.o (EthRxGetBuffer)
c:/program files/microchip/xc32/v2.41/bin/bin/../../lib/gcc/pic32mx/4.8.3/../../../../pic32mx/lib\libmchp_peripheral_32MX795F512L.a(eth_rx_set_buffer_size_lib.o)
                              build/default/debug/_ext/536368125/ETHPIC32IntMac.o (EthRxSetBufferSize)
c:/program files/microchip/xc32/v2.41/bin/bin/../../lib/gcc/pic32mx/4.8.3/../../../../pic32mx/lib\libmchp_peripheral_32MX795F512L.a(eth_tx_packet_lib.o)
                              build/default/debug/_ext/536368125/ETHPIC32IntMac.o (EthTxSendBuffer)
c:/program files/microchip/xc32/v2.41/bin/bin/../../lib/gcc/pic32mx/4.8.3/../../../../pic32mx/lib\libmchp_peripheral_32MX795F512L.a(_eth_append_busy_list_lib.o)
                              c:/program files/microchip/xc32/v2.41/bin/bin/../../lib/gcc/pic32mx/4.8.3/../../../../pic32mx/lib\libmchp_peripheral_32MX795F512L.a(eth_ack_packet_lib.o) (_EthAppendBusyList)
c:/program files/microchip/xc32/v2.41/bin/bin/../../lib/gcc/pic32mx/4.8.3/../../../../pic32mx/lib\libmchp_peripheral_32MX795F512L.a(eth_miim_access.o)
                              build/default/debug/_ext/536368125/ETHPIC32ExtPhy.o (EthMIIMReadStart)
c:/program files/microchip/xc32/v2.41/bin/bin/../../lib/gcc/pic32mx/4.8.3/../../../../pic32mx/lib\libmchp_peripheral_32MX795F512L.a(pcache.o)
                              build/default/debug/_ext/1472/MainDemo.o (CheKseg0CacheOn)
c:/program files/microchip/xc32/v2.41/bin/bin/../../lib/gcc/pic32mx/4.8.3/../../../../pic32mx/lib\libmchp_peripheral_32MX795F512L.a(int_disable_interrupts_lib.o)
                              build/default/debug/_ext/1472/MainDemo.o (INTDisableInterrupts)
c:/program files/microchip/xc32/v2.41/bin/bin/../../lib/gcc/pic32mx/4.8.3/../../../../pic32mx/lib\libmchp_peripheral_32MX795F512L.a(int_restore_interrupts_lib.o)
                              build/default/debug/_ext/1472/MainDemo.o (INTRestoreInterrupts)
c:/program files/microchip/xc32/v2.41/bin/bin/../../lib/gcc/pic32mx/4.8.3/../../../../pic32mx/lib\libmchp_peripheral_32MX795F512L.a(int_enable_mv_int_lib.o)
                              build/default/debug/_ext/1472/MainDemo.o (INTEnableSystemMultiVectoredInt)
c:/program files/microchip/xc32/v2.41/bin/bin/../../lib/gcc/pic32mx/4.8.3/../../../../pic32mx/lib\libmchp_peripheral_32MX795F512L.a(int_tbl_lib.o)
                              c:/program files/microchip/xc32/v2.41/bin/bin/../../lib/gcc/pic32mx/4.8.3/../../../../pic32mx/lib\libmchp_peripheral_32MX795F512L.a(eth_init_lib.o) (INTClearFlag)
[...]
Memory Configuration

Name             Origin             Length             Attributes
kseg0_data_mem   0x80000000         0x00000200
kseg1_data_mem   0xa0000000         0x00020000         w !x
kseg0_boot_mem   0x9fc00490         0x00000970
kseg1_boot_mem   0xbfc00000         0x00000490
kseg0_program_mem 0x9d000000         0x00080000         xr
exception_mem    0x9fc01000         0x00001000
debug_exec_mem   0xbfc02000         0x00000ff0
config3          0xbfc02ff0         0x00000004
config2          0xbfc02ff4         0x00000004
config1          0xbfc02ff8         0x00000004
config0          0xbfc02ffc         0x00000004
sfrs             0xbf800000         0x00100000
configsfrs       0xbfc02ff0         0x00000010
*default*        0x00000000         0xffffffff

Linker script and memory map


reserve_data_0_kseg0
                0x80000000      0x200
                0x80000000        0x2 SHORT 0x0
                0x000001fd                . = 0x1fd
 *fill*         0x80000002      0x1fb 
                0x80000200                . = ALIGN (0x4)
 *fill*         0x800001fd        0x3 

reserve_data_0_kseg1
                0xa0000000      0x200
                0xa0000000        0x2 SHORT 0x0
                0x000001fd                . = 0x1fd
 *fill*         0xa0000002      0x1fb 
                0xa0000200                . = ALIGN (0x4)
 *fill*         0xa00001fd        0x3 

reserve_boot_0x1fc02000_kseg0
                0x9fc02000      0xff0
                0x9fc02000        0x2 SHORT 0x0
                0x00000500                . = 0x500
 *fill*         0x9fc02002      0x4fe 
                0x9fc02500                . = ALIGN (0x4)
                0x9fc02500        0x2 SHORT 0x0
                0x00000ff0                . = 0xff0
 *fill*         0x9fc02502      0xaee 
                0x9fc02ff0                . = ALIGN (0x4)

reserve_boot_0x1fc02000_kseg1
                0xbfc02000      0xff0
                0xbfc02000        0x2 SHORT 0x0
                0x00000500                . = 0x500
 *fill*         0xbfc02002      0x4fe 
                0xbfc02500                . = ALIGN (0x4)
                0xbfc02500        0x2 SHORT 0x0
                0x00000ff0                . = 0xff0
 *fill*         0xbfc02502      0xaee 
                0xbfc02ff0                . = ALIGN (0x4)
LOAD c:/program files/microchip/xc32/v2.41/bin/bin/../../lib/gcc/pic32mx/4.8.3/../../../../pic32mx/lib\software-debug-break.o
LOAD build/default/debug/_ext/1472/BerkeleyTCPClientDemo.o
LOAD build/default/debug/_ext/1472/BerkeleyTCPServerDemo.o
LOAD build/default/debug/_ext/1472/BerkeleyUDPClientDemo.o
LOAD build/default/debug/_ext/1472/GenericTCPClient.o
LOAD build/default/debug/_ext/1472/GenericTCPServer.o
LOAD build/default/debug/_ext/1472/PingDemo.o
LOAD build/default/debug/_ext/1472/SMTPDemo.o
LOAD build/default/debug/_ext/1472/UARTConfig.o
LOAD build/default/debug/_ext/536368125/ARCFOUR.o
LOAD build/default/debug/_ext/536368125/ARP.o
LOAD build/default/debug/_ext/536368125/Announce.o
LOAD build/default/debug/_ext/536368125/AutoIP.o
LOAD build/default/debug/_ext/536368125/BerkeleyAPI.o
LOAD build/default/debug/_ext/536368125/BigInt.o
LOAD build/default/debug/_ext/536368125/BigInt_helper_PIC32.o
LOAD build/default/debug/_ext/536368125/DHCP.o
LOAD build/default/debug/_ext/536368125/DHCPs.o
LOAD build/default/debug/_ext/536368125/DNS.o
LOAD build/default/debug/_ext/536368125/DNSs.o
LOAD build/default/debug/_ext/536368125/Delay.o
LOAD build/default/debug/_ext/536368125/DynDNS.o
LOAD build/default/debug/_ext/536368125/ENC28J60.o
LOAD build/default/debug/_ext/536368125/ENCX24J600.o
LOAD build/default/debug/_ext/536368125/ETHPIC32ExtPhy.o
LOAD build/default/debug/_ext/536368125/ETHPIC32ExtPhySMSC8720.o
LOAD build/default/debug/_ext/536368125/ETHPIC32IntMac.o
LOAD build/default/debug/_ext/536368125/FTP.o
LOAD build/default/debug/_ext/536368125/FileSystem.o
LOAD build/default/debug/_ext/536368125/HTTP2.o
LOAD build/default/debug/_ext/536368125/Hashes.o
LOAD build/default/debug/_ext/536368125/Helpers.o
LOAD build/default/debug/_ext/536368125/ICMP.o
LOAD build/default/debug/_ext/536368125/IP.o
LOAD build/default/debug/_ext/536368125/LCDBlocking.o
LOAD build/default/debug/_ext/536368125/MPFS2.o
LOAD build/default/debug/_ext/536368125/NBNS.o
LOAD build/default/debug/_ext/536368125/RSA.o
LOAD build/default/debug/_ext/536368125/Random.o
LOAD build/default/debug/_ext/536368125/Reboot.o
LOAD build/default/debug/_ext/536368125/SMTP.o
LOAD build/default/debug/_ext/536368125/SNMP.o
LOAD build/default/debug/_ext/536368125/SNMPv3.o
LOAD build/default/debug/_ext/536368125/SNMPv3USM.o
LOAD build/default/debug/_ext/536368125/SNTP.o
LOAD build/default/debug/_ext/536368125/SPIEEPROM.o
LOAD build/default/debug/_ext/536368125/SPIFlash.o
LOAD build/default/debug/_ext/536368125/SPIRAM.o
LOAD build/default/debug/_ext/536368125/SSL.o
LOAD build/default/debug/_ext/536368125/StackTsk.o
LOAD build/default/debug/_ext/536368125/TCP.o
LOAD build/default/debug/_ext/536368125/TCPPerformanceTest.o
LOAD build/default/debug/_ext/536368125/TFTPc.o
LOAD build/default/debug/_ext/536368125/Telnet.o
LOAD build/default/debug/_ext/536368125/Tick.o
LOAD build/default/debug/_ext/536368125/UART.o
LOAD build/default/debug/_ext/536368125/UART2TCPBridge.o
LOAD build/default/debug/_ext/536368125/UDP.o
LOAD build/default/debug/_ext/536368125/UDPPerformanceTest.o
LOAD build/default/debug/_ext/536368125/ZeroconfHelper.o
LOAD build/default/debug/_ext/536368125/ZeroconfLinkLocal.o
LOAD build/default/debug/_ext/536368125/ZeroconfMulticastDNS.o
LOAD build/default/debug/_ext/1472/CustomHTTPApp.o
LOAD build/default/debug/_ext/1472/CustomSNMPApp.o
LOAD build/default/debug/_ext/1472/CustomSSLCert.o
LOAD build/default/debug/_ext/1472/MainDemo.o
LOAD build/default/debug/_ext/1472/LEDTCPServer_v2.o
                0x00000001                __MPLAB_BUILD = 0x1
                0x00000001                __MPLAB_DEBUG = 0x1
                0x00000001                __DEBUG = 0x1
                0x00000001                __MPLAB_DEBUGGER_PK3 = 0x1
                0x00003e80                _min_heap_size = 0x3e80
                0x00000800                _min_stack_size = 0x800
LOAD C:\Users\ferens\AppData\Local\Temp\ccWYfrih.o
LOAD C:\Users\ferens\AppData\Local\Temp\ccG9OShs.o
LOAD C:\Users\ferens\AppData\Local\Temp\cczow4Ew.o
LOAD c:/program files/microchip/xc32/v2.41/bin/bin/../../lib/gcc/pic32mx/4.8.3/../../../../pic32mx/lib\pic32_software_reset.o
                0x00000400                PROVIDE (_min_stack_size, 0x400)
START GROUP
LOAD c:/program files/microchip/xc32/v2.41/bin/bin/../../lib/gcc/pic32mx/4.8.3/../../../../pic32mx/lib/./proc/32MX795F512L\processor.o
END GROUP
START GROUP
LOAD c:/program files/microchip/xc32/v2.41/bin/bin/../../lib/gcc/pic32mx/4.8.3/../../../../pic32mx/lib\libmchp_peripheral.a
END GROUP
START GROUP
LOAD c:/program files/microchip/xc32/v2.41/bin/bin/../../lib/gcc/pic32mx/4.8.3/../../../../pic32mx/lib\libmchp_peripheral_32MX795F512L.a
END GROUP
                0x00000001                PROVIDE (_vector_spacing, 0x1)
                0x9fc01000                PROVIDE (_ebase_address, 0x9fc01000)
                0xbfc00000                _RESET_ADDR = 0xbfc00000
                0xbfc00380                _BEV_EXCPT_ADDR = 0xbfc00380
                0xbfc00480                _DBG_EXCPT_ADDR = 0xbfc00480
                0xbfc02000                _DBG_CODE_ADDR = 0xbfc02000
                0x00000ff0                _DBG_CODE_SIZE = 0xff0
                0x9fc01180                _GEN_EXCPT_ADDR = (_ebase_address + 0x180)

.config_BFC02FF0
                0xbfc02ff0        0x4
 *(.config_BFC02FF0)
 .config_BFC02FF0
                0xbfc02ff0        0x4 build/default/debug/_ext/1472/MainDemo.o

.config_BFC02FF4
                0xbfc02ff4        0x4
 *(.config_BFC02FF4)
 .config_BFC02FF4
                0xbfc02ff4        0x4 build/default/debug/_ext/1472/MainDemo.o

.config_BFC02FF8
                0xbfc02ff8        0x4
 *(.config_BFC02FF8)
 .config_BFC02FF8
                0xbfc02ff8        0x4 build/default/debug/_ext/1472/MainDemo.o

.config_BFC02FFC
                0xbfc02ffc        0x4
 *(.config_BFC02FFC)
 .config_BFC02FFC
                0xbfc02ffc        0x4 build/default/debug/_ext/1472/MainDemo.o
                0xbfc02000                PROVIDE (_DBG_CODE_ADDR, 0xbfc02000)
                0x00000ff0                PROVIDE (_DBG_CODE_SIZE, 0xff0)

.reset          0xbfc00000      0x19c
 *(.reset)
 .reset         0xbfc00000        0x8 C:\Users\ferens\AppData\Local\Temp\ccWYfrih.o
                0xbfc00000                _reset
 *(.reset.startup)
 .reset.startup
                0xbfc00008      0x194 C:\Users\ferens\AppData\Local\Temp\ccWYfrih.o
                0xbfc00008                _startup

.bev_excpt      0xbfc00380       0x10
 *(.bev_handler)
 .bev_handler   0xbfc00380       0x10 C:\Users\ferens\AppData\Local\Temp\ccWYfrih.o

.dbg_excpt      0xbfc00480        0x0
                0xbfc00480                . = (. + DEFINED (_DEBUGGER)?0x8:0x0)

.dbg_code       0xbfc02000        0x0
                0xbfc02000                . = (. + DEFINED (_DEBUGGER)?_DBG_CODE_SIZE:0x0)

.app_excpt      0x9fc01180       0x10
 *(.gen_handler)
 .gen_handler   0x9fc01180       0x10 C:\Users\ferens\AppData\Local\Temp\ccWYfrih.o

.vector_0       0x9fc01200        0x8
 *(.vector_0)
 .vector_0      0x9fc01200        0x8 c:/program files/microchip/xc32/v2.41/bin/bin/../../lib/gcc/pic32mx/4.8.3/../../../../pic32mx/lib\libpic32.a(vector0.o)
                0x9fc01200                __vector_dispatch_0
                0x00000001                ASSERT (((_vector_spacing == 0x0) || (SIZEOF (.vector_0) <= (_vector_spacing << 0x5))), function at exception vector 0 too large)

.vector_1       0x9fc01220        0x8
 *(.vector_1)
 .vector_1      0x9fc01220        0x8 c:/program files/microchip/xc32/v2.41/bin/bin/../../lib/gcc/pic32mx/4.8.3/../../../../pic32mx/lib\libpic32.a(vector1.o)
                0x9fc01220                __vector_dispatch_1
                0x00000001                ASSERT (((_vector_spacing == 0x0) || (SIZEOF (.vector_1) <= (_vector_spacing << 0x5))), function at exception vector 1 too large)

.vector_2       0x9fc01240        0x8
 *(.vector_2)
 .vector_2      0x9fc01240        0x8 c:/program files/microchip/xc32/v2.41/bin/bin/../../lib/gcc/pic32mx/4.8.3/../../../../pic32mx/lib\libpic32.a(vector2.o)
                0x9fc01240                __vector_dispatch_2
                0x00000001                ASSERT (((_vector_spacing == 0x0) || (SIZEOF (.vector_2) <= (_vector_spacing << 0x5))), function at exception vector 2 too large)

.vector_3       0x9fc01260        0x8
 *(.vector_3)
 .vector_3      0x9fc01260        0x8 c:/program files/microchip/xc32/v2.41/bin/bin/../../lib/gcc/pic32mx/4.8.3/../../../../pic32mx/lib\libpic32.a(vector3.o)
                0x9fc01260                __vector_dispatch_3
                0x00000001                ASSERT (((_vector_spacing == 0x0) || (SIZEOF (.vector_3) <= (_vector_spacing << 0x5))), function at exception vector 3 too large)

.vector_4       0x9fc01280        0x8
 *(.vector_4)
 .vector_4      0x9fc01280        0x8 build/default/debug/_ext/536368125/Tick.o
                0x9fc01280                __vector_dispatch_4
                0x00000001                ASSERT (((_vector_spacing == 0x0) || (SIZEOF (.vector_4) <= (_vector_spacing << 0x5))), function at exception vector 4 too large)

.vector_5       0x9fc012a0        0x8
 *(.vector_5)
 .vector_5      0x9fc012a0        0x8 c:/program files/microchip/xc32/v2.41/bin/bin/../../lib/gcc/pic32mx/4.8.3/../../../../pic32mx/lib\libpic32.a(vector5.o)
                0x9fc012a0                __vector_dispatch_5
                0x00000001                ASSERT (((_vector_spacing == 0x0) || (SIZEOF (.vector_5) <= (_vector_spacing << 0x5))), function at exception vector 5 too large)

.vector_6       0x9fc012c0        0x8
 *(.vector_6)
 .vector_6      0x9fc012c0        0x8 c:/program files/microchip/xc32/v2.41/bin/bin/../../lib/gcc/pic32mx/4.8.3/../../../../pic32mx/lib\libpic32.a(vector6.o)
                0x9fc012c0                __vector_dispatch_6
                0x00000001                ASSERT (((_vector_spacing == 0x0) || (SIZEOF (.vector_6) <= (_vector_spacing << 0x5))), function at exception vector 6 too large)

.vector_7       0x9fc012e0        0x8
 *(.vector_7)
 .vector_7      0x9fc012e0        0x8 c:/program files/microchip/xc32/v2.41/bin/bin/../../lib/gcc/pic32mx/4.8.3/../../../../pic32mx/lib\libpic32.a(vector7.o)
                0x9fc012e0                __vector_dispatch_7
                0x00000001                ASSERT (((_vector_spacing == 0x0) || (SIZEOF (.vector_7) <= (_vector_spacing << 0x5))), function at exception vector 7 too large)

.vector_8       0x9fc01300        0x8
 *(.vector_8)
 .vector_8      0x9fc01300        0x8 c:/program files/microchip/xc32/v2.41/bin/bin/../../lib/gcc/pic32mx/4.8.3/../../../../pic32mx/lib\libpic32.a(vector8.o)
                0x9fc01300                __vector_dispatch_8
                0x00000001                ASSERT (((_vector_spacing == 0x0) || (SIZEOF (.vector_8) <= (_vector_spacing << 0x5))), function at exception vector 8 too large)

.vector_9       0x9fc01320        0x8
 *(.vector_9)
 .vector_9      0x9fc01320        0x8 c:/program files/microchip/xc32/v2.41/bin/bin/../../lib/gcc/pic32mx/4.8.3/../../../../pic32mx/lib\libpic32.a(vector9.o)
                0x9fc01320                __vector_dispatch_9
                0x00000001                ASSERT (((_vector_spacing == 0x0) || (SIZEOF (.vector_9) <= (_vector_spacing << 0x5))), function at exception vector 9 too large)

.vector_10      0x9fc01340        0x8
 *(.vector_10)
 .vector_10     0x9fc01340        0x8 c:/program files/microchip/xc32/v2.41/bin/bin/../../lib/gcc/pic32mx/4.8.3/../../../../pic32mx/lib\libpic32.a(vector10.o)
                0x9fc01340                __vector_dispatch_10
                0x00000001                ASSERT (((_vector_spacing == 0x0) || (SIZEOF (.vector_10) <= (_vector_spacing << 0x5))), function at exception vector 10 too large)

.vector_11      0x9fc01360        0x8
 *(.vector_11)
 .vector_11     0x9fc01360        0x8 c:/program files/microchip/xc32/v2.41/bin/bin/../../lib/gcc/pic32mx/4.8.3/../../../../pic32mx/lib\libpic32.a(vector11.o)
                0x9fc01360                __vector_dispatch_11
                0x00000001                ASSERT (((_vector_spacing == 0x0) || (SIZEOF (.vector_11) <= (_vector_spacing << 0x5))), function at exception vector 11 too large)

.vector_12      0x9fc01380        0x8
 *(.vector_12)
 .vector_12     0x9fc01380        0x8 c:/program files/microchip/xc32/v2.41/bin/bin/../../lib/gcc/pic32mx/4.8.3/../../../../pic32mx/lib\libpic32.a(vector12.o)
                0x9fc01380                __vector_dispatch_12
                0x00000001                ASSERT (((_vector_spacing == 0x0) || (SIZEOF (.vector_12) <= (_vector_spacing << 0x5))), function at exception vector 12 too large)

.vector_13      0x9fc013a0        0x8
 *(.vector_13)
 .vector_13     0x9fc013a0        0x8 c:/program files/microchip/xc32/v2.41/bin/bin/../../lib/gcc/pic32mx/4.8.3/../../../../pic32mx/lib\libpic32.a(vector13.o)
                0x9fc013a0                __vector_dispatch_13
                0x00000001                ASSERT (((_vector_spacing == 0x0) || (SIZEOF (.vector_13) <= (_vector_spacing << 0x5))), function at exception vector 13 too large)

.vector_14      0x9fc013c0        0x8
 *(.vector_14)
 .vector_14     0x9fc013c0        0x8 c:/program files/microchip/xc32/v2.41/bin/bin/../../lib/gcc/pic32mx/4.8.3/../../../../pic32mx/lib\libpic32.a(vector14.o)
                0x9fc013c0                __vector_dispatch_14
                0x00000001                ASSERT (((_vector_spacing == 0x0) || (SIZEOF (.vector_14) <= (_vector_spacing << 0x5))), function at exception vector 14 too large)

.vector_15      0x9fc013e0        0x8
 *(.vector_15)
 .vector_15     0x9fc013e0        0x8 c:/program files/microchip/xc32/v2.41/bin/bin/../../lib/gcc/pic32mx/4.8.3/../../../../pic32mx/lib\libpic32.a(vector15.o)
                0x9fc013e0                __vector_dispatch_15
                0x00000001                ASSERT (((_vector_spacing == 0x0) || (SIZEOF (.vector_15) <= (_vector_spacing << 0x5))), function at exception vector 15 too large)

.vector_16      0x9fc01400        0x8
 *(.vector_16)
 .vector_16     0x9fc01400        0x8 c:/program files/microchip/xc32/v2.41/bin/bin/../../lib/gcc/pic32mx/4.8.3/../../../../pic32mx/lib\libpic32.a(vector16.o)
                0x9fc01400                __vector_dispatch_16
                0x00000001                ASSERT (((_vector_spacing == 0x0) || (SIZEOF (.vector_16) <= (_vector_spacing << 0x5))), function at exception vector 16 too large)

.vector_17      0x9fc01420        0x8
 *(.vector_17)
 .vector_17     0x9fc01420        0x8 c:/program files/microchip/xc32/v2.41/bin/bin/../../lib/gcc/pic32mx/4.8.3/../../../../pic32mx/lib\libpic32.a(vector17.o)
                0x9fc01420                __vector_dispatch_17
                0x00000001                ASSERT (((_vector_spacing == 0x0) || (SIZEOF (.vector_17) <= (_vector_spacing << 0x5))), function at exception vector 17 too large)

.vector_18      0x9fc01440        0x8
 *(.vector_18)
 .vector_18     0x9fc01440        0x8 c:/program files/microchip/xc32/v2.41/bin/bin/../../lib/gcc/pic32mx/4.8.3/../../../../pic32mx/lib\libpic32.a(vector18.o)
                0x9fc01440                __vector_dispatch_18
                0x00000001                ASSERT (((_vector_spacing == 0x0) || (SIZEOF (.vector_18) <= (_vector_spacing << 0x5))), function at exception vector 18 too large)

.vector_19      0x9fc01460        0x8
 *(.vector_19)
 .vector_19     0x9fc01460        0x8 c:/program files/microchip/xc32/v2.41/bin/bin/../../lib/gcc/pic32mx/4.8.3/../../../../pic32mx/lib\libpic32.a(vector19.o)
                0x9fc01460                __vector_dispatch_19
                0x00000001                ASSERT (((_vector_spacing == 0x0) || (SIZEOF (.vector_19) <= (_vector_spacing << 0x5))), function at exception vector 19 too large)

.vector_20      0x9fc01480        0x8
 *(.vector_20)
 .vector_20     0x9fc01480        0x8 c:/program files/microchip/xc32/v2.41/bin/bin/../../lib/gcc/pic32mx/4.8.3/../../../../pic32mx/lib\libpic32.a(vector20.o)
                0x9fc01480                __vector_dispatch_20
                0x00000001                ASSERT (((_vector_spacing == 0x0) || (SIZEOF (.vector_20) <= (_vector_spacing << 0x5))), function at exception vector 20 too large)

.vector_21      0x9fc014a0        0x8
 *(.vector_21)
 .vector_21     0x9fc014a0        0x8 c:/program files/microchip/xc32/v2.41/bin/bin/../../lib/gcc/pic32mx/4.8.3/../../../../pic32mx/lib\libpic32.a(vector21.o)
                0x9fc014a0                __vector_dispatch_21
                0x00000001                ASSERT (((_vector_spacing == 0x0) || (SIZEOF (.vector_21) <= (_vector_spacing << 0x5))), function at exception vector 21 too large)

.vector_22      0x9fc014c0        0x8
 *(.vector_22)
 .vector_22     0x9fc014c0        0x8 c:/program files/microchip/xc32/v2.41/bin/bin/../../lib/gcc/pic32mx/4.8.3/../../../../pic32mx/lib\libpic32.a(vector22.o)
                0x9fc014c0                __vector_dispatch_22
                0x00000001                ASSERT (((_vector_spacing == 0x0) || (SIZEOF (.vector_22) <= (_vector_spacing << 0x5))), function at exception vector 22 too large)

.vector_23      0x9fc014e0        0x8
 *(.vector_23)
 .vector_23     0x9fc014e0        0x8 c:/program files/microchip/xc32/v2.41/bin/bin/../../lib/gcc/pic32mx/4.8.3/../../../../pic32mx/lib\libpic32.a(vector23.o)
                0x9fc014e0                __vector_dispatch_23
                0x00000001                ASSERT (((_vector_spacing == 0x0) || (SIZEOF (.vector_23) <= (_vector_spacing << 0x5))), function at exception vector 23 too large)

.vector_24      0x9fc01500        0x8
 *(.vector_24)
 .vector_24     0x9fc01500        0x8 c:/program files/microchip/xc32/v2.41/bin/bin/../../lib/gcc/pic32mx/4.8.3/../../../../pic32mx/lib\libpic32.a(vector24.o)
                0x9fc01500                __vector_dispatch_24
                0x00000001                ASSERT (((_vector_spacing == 0x0) || (SIZEOF (.vector_24) <= (_vector_spacing << 0x5))), function at exception vector 24 too large)

.vector_25      0x9fc01520        0x8
 *(.vector_25)
 .vector_25     0x9fc01520        0x8 c:/program files/microchip/xc32/v2.41/bin/bin/../../lib/gcc/pic32mx/4.8.3/../../../../pic32mx/lib\libpic32.a(vector25.o)
                0x9fc01520                __vector_dispatch_25
                0x00000001                ASSERT (((_vector_spacing == 0x0) || (SIZEOF (.vector_25) <= (_vector_spacing << 0x5))), function at exception vector 25 too large)

.vector_26      0x9fc01540        0x8
 *(.vector_26)
 .vector_26     0x9fc01540        0x8 c:/program files/microchip/xc32/v2.41/bin/bin/../../lib/gcc/pic32mx/4.8.3/../../../../pic32mx/lib\libpic32.a(vector26.o)
                0x9fc01540                __vector_dispatch_26
                0x00000001                ASSERT (((_vector_spacing == 0x0) || (SIZEOF (.vector_26) <= (_vector_spacing << 0x5))), function at exception vector 26 too large)

.vector_27      0x9fc01560        0x8
 *(.vector_27)
 .vector_27     0x9fc01560        0x8 c:/program files/microchip/xc32/v2.41/bin/bin/../../lib/gcc/pic32mx/4.8.3/../../../../pic32mx/lib\libpic32.a(vector27.o)
                0x9fc01560                __vector_dispatch_27
                0x00000001                ASSERT (((_vector_spacing == 0x0) || (SIZEOF (.vector_27) <= (_vector_spacing << 0x5))), function at exception vector 27 too large)

.vector_28      0x9fc01580        0x8
 *(.vector_28)
 .vector_28     0x9fc01580        0x8 c:/program files/microchip/xc32/v2.41/bin/bin/../../lib/gcc/pic32mx/4.8.3/../../../../pic32mx/lib\libpic32.a(vector28.o)
                0x9fc01580                __vector_dispatch_28
                0x00000001                ASSERT (((_vector_spacing == 0x0) || (SIZEOF (.vector_28) <= (_vector_spacing << 0x5))), function at exception vector 28 too large)

.vector_29      0x9fc015a0        0x8
 *(.vector_29)
 .vector_29     0x9fc015a0        0x8 c:/program files/microchip/xc32/v2.41/bin/bin/../../lib/gcc/pic32mx/4.8.3/../../../../pic32mx/lib\libpic32.a(vector29.o)
                0x9fc015a0                __vector_dispatch_29
                0x00000001                ASSERT (((_vector_spacing == 0x0) || (SIZEOF (.vector_29) <= (_vector_spacing << 0x5))), function at exception vector 29 too large)

.vector_30      0x9fc015c0        0x8
 *(.vector_30)
 .vector_30     0x9fc015c0        0x8 c:/program files/microchip/xc32/v2.41/bin/bin/../../lib/gcc/pic32mx/4.8.3/../../../../pic32mx/lib\libpic32.a(vector30.o)
                0x9fc015c0                __vector_dispatch_30
                0x00000001                ASSERT (((_vector_spacing == 0x0) || (SIZEOF (.vector_30) <= (_vector_spacing << 0x5))), function at exception vector 30 too large)

.vector_31      0x9fc015e0        0x8
 *(.vector_31)
 .vector_31     0x9fc015e0        0x8 c:/program files/microchip/xc32/v2.41/bin/bin/../../lib/gcc/pic32mx/4.8.3/../../../../pic32mx/lib\libpic32.a(vector31.o)
                0x9fc015e0                __vector_dispatch_31
                0x00000001                ASSERT (((_vector_spacing == 0x0) || (SIZEOF (.vector_31) <= (_vector_spacing << 0x5))), function at exception vector 31 too large)

.vector_32      0x9fc01600        0x8
 *(.vector_32)
 .vector_32     0x9fc01600        0x8 c:/program files/microchip/xc32/v2.41/bin/bin/../../lib/gcc/pic32mx/4.8.3/../../../../pic32mx/lib\libpic32.a(vector32.o)
                0x9fc01600                __vector_dispatch_32
                0x00000001                ASSERT (((_vector_spacing == 0x0) || (SIZEOF (.vector_32) <= (_vector_spacing << 0x5))), function at exception vector 32 too large)

.vector_33      0x9fc01620        0x8
 *(.vector_33)
 .vector_33     0x9fc01620        0x8 c:/program files/microchip/xc32/v2.41/bin/bin/../../lib/gcc/pic32mx/4.8.3/../../../../pic32mx/lib\libpic32.a(vector33.o)
                0x9fc01620                __vector_dispatch_33
                0x00000001                ASSERT (((_vector_spacing == 0x0) || (SIZEOF (.vector_33) <= (_vector_spacing << 0x5))), function at exception vector 33 too large)

.vector_34      0x9fc01640        0x8
 *(.vector_34)
 .vector_34     0x9fc01640        0x8 c:/program files/microchip/xc32/v2.41/bin/bin/../../lib/gcc/pic32mx/4.8.3/../../../../pic32mx/lib\libpic32.a(vector34.o)
                0x9fc01640                __vector_dispatch_34
                0x00000001                ASSERT (((_vector_spacing == 0x0) || (SIZEOF (.vector_34) <= (_vector_spacing << 0x5))), function at exception vector 34 too large)

.vector_35      0x9fc01660        0x8
 *(.vector_35)
 .vector_35     0x9fc01660        0x8 c:/program files/microchip/xc32/v2.41/bin/bin/../../lib/gcc/pic32mx/4.8.3/../../../../pic32mx/lib\libpic32.a(vector35.o)
                0x9fc01660                __vector_dispatch_35
                0x00000001                ASSERT (((_vector_spacing == 0x0) || (SIZEOF (.vector_35) <= (_vector_spacing << 0x5))), function at exception vector 35 too large)

.vector_36      0x9fc01680        0x8
 *(.vector_36)
 .vector_36     0x9fc01680        0x8 c:/program files/microchip/xc32/v2.41/bin/bin/../../lib/gcc/pic32mx/4.8.3/../../../../pic32mx/lib\libpic32.a(vector36.o)
                0x9fc01680                __vector_dispatch_36
                0x00000001                ASSERT (((_vector_spacing == 0x0) || (SIZEOF (.vector_36) <= (_vector_spacing << 0x5))), function at exception vector 36 too large)

.vector_37      0x9fc016a0        0x8
 *(.vector_37)
 .vector_37     0x9fc016a0        0x8 c:/program files/microchip/xc32/v2.41/bin/bin/../../lib/gcc/pic32mx/4.8.3/../../../../pic32mx/lib\libpic32.a(vector37.o)
                0x9fc016a0                __vector_dispatch_37
                0x00000001                ASSERT (((_vector_spacing == 0x0) || (SIZEOF (.vector_37) <= (_vector_spacing << 0x5))), function at exception vector 37 too large)

.vector_38      0x9fc016c0        0x8
 *(.vector_38)
 .vector_38     0x9fc016c0        0x8 c:/program files/microchip/xc32/v2.41/bin/bin/../../lib/gcc/pic32mx/4.8.3/../../../../pic32mx/lib\libpic32.a(vector38.o)
                0x9fc016c0                __vector_dispatch_38
                0x00000001                ASSERT (((_vector_spacing == 0x0) || (SIZEOF (.vector_38) <= (_vector_spacing << 0x5))), function at exception vector 38 too large)

.vector_39      0x9fc016e0        0x8
 *(.vector_39)
 .vector_39     0x9fc016e0        0x8 c:/program files/microchip/xc32/v2.41/bin/bin/../../lib/gcc/pic32mx/4.8.3/../../../../pic32mx/lib\libpic32.a(vector39.o)
                0x9fc016e0                __vector_dispatch_39
                0x00000001                ASSERT (((_vector_spacing == 0x0) || (SIZEOF (.vector_39) <= (_vector_spacing << 0x5))), function at exception vector 39 too large)

.vector_40      0x9fc01700        0x8
 *(.vector_40)
 .vector_40     0x9fc01700        0x8 c:/program files/microchip/xc32/v2.41/bin/bin/../../lib/gcc/pic32mx/4.8.3/../../../../pic32mx/lib\libpic32.a(vector40.o)
                0x9fc01700                __vector_dispatch_40
                0x00000001                ASSERT (((_vector_spacing == 0x0) || (SIZEOF (.vector_40) <= (_vector_spacing << 0x5))), function at exception vector 40 too large)

.vector_41      0x9fc01720        0x8
 *(.vector_41)
 .vector_41     0x9fc01720        0x8 c:/program files/microchip/xc32/v2.41/bin/bin/../../lib/gcc/pic32mx/4.8.3/../../../../pic32mx/lib\libpic32.a(vector41.o)
                0x9fc01720                __vector_dispatch_41
                0x00000001                ASSERT (((_vector_spacing == 0x0) || (SIZEOF (.vector_41) <= (_vector_spacing << 0x5))), function at exception vector 41 too large)

.vector_42      0x9fc01740        0x8
 *(.vector_42)
 .vector_42     0x9fc01740        0x8 c:/program files/microchip/xc32/v2.41/bin/bin/../../lib/gcc/pic32mx/4.8.3/../../../../pic32mx/lib\libpic32.a(vector42.o)
                0x9fc01740                __vector_dispatch_42
                0x00000001                ASSERT (((_vector_spacing == 0x0) || (SIZEOF (.vector_42) <= (_vector_spacing << 0x5))), function at exception vector 42 too large)

.vector_43      0x9fc01760        0x8
 *(.vector_43)
 .vector_43     0x9fc01760        0x8 c:/program files/microchip/xc32/v2.41/bin/bin/../../lib/gcc/pic32mx/4.8.3/../../../../pic32mx/lib\libpic32.a(vector43.o)
                0x9fc01760                __vector_dispatch_43
                0x00000001                ASSERT (((_vector_spacing == 0x0) || (SIZEOF (.vector_43) <= (_vector_spacing << 0x5))), function at exception vector 43 too large)

.vector_44      0x9fc01780        0x8
 *(.vector_44)
 .vector_44     0x9fc01780        0x8 c:/program files/microchip/xc32/v2.41/bin/bin/../../lib/gcc/pic32mx/4.8.3/../../../../pic32mx/lib\libpic32.a(vector44.o)
                0x9fc01780                __vector_dispatch_44
                0x00000001                ASSERT (((_vector_spacing == 0x0) || (SIZEOF (.vector_44) <= (_vector_spacing << 0x5))), function at exception vector 44 too large)

.vector_45      0x9fc017a0        0x8
 *(.vector_45)
 .vector_45     0x9fc017a0        0x8 c:/program files/microchip/xc32/v2.41/bin/bin/../../lib/gcc/pic32mx/4.8.3/../../../../pic32mx/lib\libpic32.a(vector45.o)
                0x9fc017a0                __vector_dispatch_45
                0x00000001                ASSERT (((_vector_spacing == 0x0) || (SIZEOF (.vector_45) <= (_vector_spacing << 0x5))), function at exception vector 45 too large)

.vector_46      0x9fc017c0        0x8
 *(.vector_46)
 .vector_46     0x9fc017c0        0x8 c:/program files/microchip/xc32/v2.41/bin/bin/../../lib/gcc/pic32mx/4.8.3/../../../../pic32mx/lib\libpic32.a(vector46.o)
                0x9fc017c0                __vector_dispatch_46
                0x00000001                ASSERT (((_vector_spacing == 0x0) || (SIZEOF (.vector_46) <= (_vector_spacing << 0x5))), function at exception vector 46 too large)

.vector_47      0x9fc017e0        0x8
 *(.vector_47)
 .vector_47     0x9fc017e0        0x8 c:/program files/microchip/xc32/v2.41/bin/bin/../../lib/gcc/pic32mx/4.8.3/../../../../pic32mx/lib\libpic32.a(vector47.o)
                0x9fc017e0                __vector_dispatch_47
                0x00000001                ASSERT (((_vector_spacing == 0x0) || (SIZEOF (.vector_47) <= (_vector_spacing << 0x5))), function at exception vector 47 too large)

.vector_48      0x9fc01800        0x8
 *(.vector_48)
 .vector_48     0x9fc01800        0x8 c:/program files/microchip/xc32/v2.41/bin/bin/../../lib/gcc/pic32mx/4.8.3/../../../../pic32mx/lib\libpic32.a(vector48.o)
                0x9fc01800                __vector_dispatch_48
                0x00000001                ASSERT (((_vector_spacing == 0x0) || (SIZEOF (.vector_48) <= (_vector_spacing << 0x5))), function at exception vector 48 too large)

.vector_49      0x9fc01820        0x8
 *(.vector_49)
 .vector_49     0x9fc01820        0x8 c:/program files/microchip/xc32/v2.41/bin/bin/../../lib/gcc/pic32mx/4.8.3/../../../../pic32mx/lib\libpic32.a(vector49.o)
                0x9fc01820                __vector_dispatch_49
                0x00000001                ASSERT (((_vector_spacing == 0x0) || (SIZEOF (.vector_49) <= (_vector_spacing << 0x5))), function at exception vector 49 too large)

.vector_50      0x9fc01840        0x8
 *(.vector_50)
 .vector_50     0x9fc01840        0x8 c:/program files/microchip/xc32/v2.41/bin/bin/../../lib/gcc/pic32mx/4.8.3/../../../../pic32mx/lib\libpic32.a(vector50.o)
                0x9fc01840                __vector_dispatch_50
                0x00000001                ASSERT (((_vector_spacing == 0x0) || (SIZEOF (.vector_50) <= (_vector_spacing << 0x5))), function at exception vector 50 too large)

.vector_51      0x9fc01860        0x8
 *(.vector_51)
 .vector_51     0x9fc01860        0x8 c:/program files/microchip/xc32/v2.41/bin/bin/../../lib/gcc/pic32mx/4.8.3/../../../../pic32mx/lib\libpic32.a(vector51.o)
                0x9fc01860                __vector_dispatch_51
                0x00000001                ASSERT (((_vector_spacing == 0x0) || (SIZEOF (.vector_51) <= (_vector_spacing << 0x5))), function at exception vector 51 too large)

.vector_52      0x9fc01880        0x0
 *(.vector_52)
                0x00000001                ASSERT (((_vector_spacing == 0x0) || (SIZEOF (.vector_52) <= (_vector_spacing << 0x5))), function at exception vector 52 too large)

.vector_53      0x9fc018a0        0x0
 *(.vector_53)
                0x00000001                ASSERT (((_vector_spacing == 0x0) || (SIZEOF (.vector_53) <= (_vector_spacing << 0x5))), function at exception vector 53 too large)

.vector_54      0x9fc018c0        0x0
 *(.vector_54)
                0x00000001                ASSERT (((_vector_spacing == 0x0) || (SIZEOF (.vector_54) <= (_vector_spacing << 0x5))), function at exception vector 54 too large)

.vector_55      0x9fc018e0        0x0
 *(.vector_55)
                0x00000001                ASSERT (((_vector_spacing == 0x0) || (SIZEOF (.vector_55) <= (_vector_spacing << 0x5))), function at exception vector 55 too large)

.vector_56      0x9fc01900        0x0
 *(.vector_56)
                0x00000001                ASSERT (((_vector_spacing == 0x0) || (SIZEOF (.vector_56) <= (_vector_spacing << 0x5))), function at exception vector 56 too large)

.vector_57      0x9fc01920        0x0
 *(.vector_57)
                0x00000001                ASSERT (((_vector_spacing == 0x0) || (SIZEOF (.vector_57) <= (_vector_spacing << 0x5))), function at exception vector 57 too large)

.vector_58      0x9fc01940        0x0
 *(.vector_58)
                0x00000001                ASSERT (((_vector_spacing == 0x0) || (SIZEOF (.vector_58) <= (_vector_spacing << 0x5))), function at exception vector 58 too large)

.vector_59      0x9fc01960        0x0
 *(.vector_59)
                0x00000001                ASSERT (((_vector_spacing == 0x0) || (SIZEOF (.vector_59) <= (_vector_spacing << 0x5))), function at exception vector 59 too large)

.vector_60      0x9fc01980        0x0
 *(.vector_60)
                0x00000001                ASSERT (((_vector_spacing == 0x0) || (SIZEOF (.vector_60) <= (_vector_spacing << 0x5))), function at exception vector 60 too large)

.vector_61      0x9fc019a0        0x0
 *(.vector_61)
                0x00000001                ASSERT (((_vector_spacing == 0x0) || (SIZEOF (.vector_61) <= (_vector_spacing << 0x5))), function at exception vector 61 too large)

.vector_62      0x9fc019c0        0x0
 *(.vector_62)
                0x00000001                ASSERT (((_vector_spacing == 0x0) || (SIZEOF (.vector_62) <= (_vector_spacing << 0x5))), function at exception vector 62 too large)

.vector_63      0x9fc019e0        0x0
 *(.vector_63)
                0x00000001                ASSERT (((_vector_spacing == 0x0) || (SIZEOF (.vector_63) <= (_vector_spacing << 0x5))), function at exception vector 63 too large)

.startup
 *(.startup)

.text           0x9d000000        0x0
 *(.stub .gnu.linkonce.t.*)
 *(.text.*personality*)
 *(.mips16.fn.*)
 *(.mips16.call.*)
 *(.gnu.warning)
                0x9d000000                . = ALIGN (0x4)

.init           0x9d000000        0x0
 *crti.o(.init)
 *crtbegin.o(.init)
 *(EXCLUDE_FILE(*crtn.o *crtend?.o *crtend.o) .init)
 *crtend.o(.init)
 *crtn.o(.init)
                0x9d000000                . = ALIGN (0x4)

.fini           0x9d000000        0x0
 *(.fini)
                0x9d000000                . = ALIGN (0x4)

.preinit_array  0x9d000000        0x0
                0x9d000000                PROVIDE (__preinit_array_start, .)
 *(.preinit_array)
                0x9d000000                PROVIDE (__preinit_array_end, .)
                0x9d000000                . = ALIGN (0x4)

.init_array     0x9d000000        0x0
                0x9d000000                PROVIDE (__init_array_start, .)
 *(SORT(.init_array.*))
 *(.init_array)
                0x9d000000                PROVIDE (__init_array_end, .)
                0x9d000000                . = ALIGN (0x4)

.fini_array     0x9d000000        0x0
                0x9d000000                PROVIDE (__fini_array_start, .)
 *(SORT(.fini_array.*))
 *(.fini_array)
                0x9d000000                PROVIDE (__fini_array_end, .)
                0x9d000000                . = ALIGN (0x4)

.ctors          0x9d000000        0x0
 *crtbegin.o(.ctors)
 *crtbegin?.o(.ctors)
 *(EXCLUDE_FILE(*crtend?.o *crtend.o) .ctors)
 *(SORT(.ctors.*))
 *(.ctors)
                0x9d000000                . = ALIGN (0x4)

.dtors          0x9d000000        0x0
 *crtbegin.o(.dtors)
 *crtbegin?.o(.dtors)
 *(EXCLUDE_FILE(*crtend?.o *crtend.o) .dtors)
 *(SORT(.dtors.*))
 *(.dtors)
                0x9d000000                . = ALIGN (0x4)

.rodata         0x9d000000        0x0
 *(.gnu.linkonce.r.*)
 *(.rodata1)
                0x9d000000                . = ALIGN (0x4)

.sdata2         0x9fc00490        0x0
 *(.sdata2 .sdata2.* .gnu.linkonce.s2.*)
                0x9fc00490                . = ALIGN (0x4)

.sbss2          0x9fc00490        0x0
 *(.sbss2 .sbss2.* .gnu.linkonce.sb2.*)
                0x9fc00490                . = ALIGN (0x4)

.eh_frame_hdr
 *(.eh_frame_hdr)
                0x9fc00490                . = ALIGN (0x4)

.eh_frame
 *(.eh_frame)
                0x9fc00490                . = ALIGN (0x4)

.gcc_except_table
 *(.gcc_except_table .gcc_except_table.*)
                0x9fc00490                . = ALIGN (0x4)

.dbg_data       0xa0000200        0x0
                0xa0000200                . = (. + DEFINED (_DEBUGGER)?0x200:0x0)

.jcr            0xa0000200        0x0
 *(.jcr)
                0xa0000200                . = ALIGN (0x4)

.eh_frame
 *(.eh_frame)
                0xa0000200                . = ALIGN (0x4)

.gcc_except_table
 *(.gcc_except_table .gcc_except_table.*)
                0xa0000200                . = ALIGN (0x4)

.persist        0xa0000200        0x4
                0xa0000200                _persist_begin = .
 *(.persist .persist.*)
 *(.pbss .pbss.*)
 .pbss          0xa0000200        0x2 build/default/debug/_ext/536368125/TCP.o
 .pbss          0xa0000202        0x2 build/default/debug/_ext/536368125/UDP.o
                0xa0000204                . = ALIGN (0x4)
                0xa0000204                _persist_end = .

.data           0xa0000204        0x0
 *(.gnu.linkonce.d.*)
 *(.data1)
                0xa0000204                . = ALIGN (0x4)
                0xa0000204                . = .
                0xa0008200                _gp = (ALIGN (0x10) + 0x7ff0)

.got            0xa0000204        0x0
 *(.got.plt)
 *(.got)
                0xa0000204                . = ALIGN (0x4)

.sdata          0xa0000204        0xc
                0xa0000204                _sdata_begin = .
 *(.sdata .sdata.* .gnu.linkonce.s.*)
 .sdata         0xa0000204        0x4 build/default/debug/_ext/536368125/DHCPs.o
                0xa0000204                bDHCPServerEnabled
 .sdata         0xa0000208        0x4 build/default/debug/_ext/536368125/Helpers.o
 .sdata         0xa000020c        0x2 build/default/debug/_ext/536368125/TCP.o
 .sdata         0xa000020e        0x2 build/default/debug/_ext/536368125/UDP.o
                0xa0000210                . = ALIGN (0x4)
                0xa0000210                _sdata_end = .

.lit8
 *(.lit8)

.lit4
 *(.lit4)
                0xa0000210                . = ALIGN (0x4)
                0xa0000210                _data_end = .
                0xa0000210                _bss_begin = .

.sbss           0xa0000210       0xa8
                0xa0000210                _sbss_begin = .
 *(.dynsbss)
 *(.sbss .sbss.* .gnu.linkonce.sb.*)
 .sbss          0xa0000210        0x8 build/default/debug/_ext/1472/GenericTCPServer.o
 .sbss          0xa0000218        0x4 build/default/debug/_ext/536368125/ARP.o
 .sbss          0xa000021c        0x8 build/default/debug/_ext/536368125/Announce.o
 .sbss          0xa0000224        0xc build/default/debug/_ext/536368125/DHCPs.o
 .sbss          0xa0000230       0x40 build/default/debug/_ext/536368125/ETHPIC32IntMac.o
                0xa000025c                _stackMgrRxOkPkts
                0xa0000260                _stackMgrRxBadPkts
                0xa0000264                _stackMgrInGetHdr
                0xa0000268                _stackMgrRxDiscarded
                0xa000026c                _stackMgrTxNotReady
 .sbss          0xa0000270        0x4 build/default/debug/_ext/536368125/IP.o
 .sbss          0xa0000274        0x8 build/default/debug/_ext/536368125/StackTsk.o
 .sbss          0xa000027c        0xc build/default/debug/_ext/536368125/Tick.o
 .sbss          0xa0000288        0x8 build/default/debug/_ext/536368125/UDP.o
 .sbss          0xa0000290        0xc build/default/debug/_ext/1472/MainDemo.o
 .sbss          0xa000029c        0x8 build/default/debug/_ext/1472/LEDTCPServer_v2.o
 *(.scommon)
 .scommon       0xa00002a4        0x4 build/default/debug/_ext/536368125/ETHPIC32ExtPhy.o
                0xa00002a4                _PhyAdd
 .scommon       0xa00002a8        0x5 build/default/debug/_ext/536368125/UDP.o
                0xa00002a8                UDPRxCount
                0xa00002aa                UDPTxCount
                0xa00002ac                activeUDPSocket
 *fill*         0xa00002ad        0x3 
 .scommon       0xa00002b0        0x8 build/default/debug/_ext/1472/MainDemo.o
                0xa00002b0                AN0String
                0xa00002b8                _sbss_end = .
                0xa00002b8                . = ALIGN (0x4)

.bss            0xa00002b8      0x120
 *(.dynbss)
 *(COMMON)
 COMMON         0xa00002b8        0xa build/default/debug/_ext/536368125/StackTsk.o
                0xa00002b8                remoteNode
 *fill*         0xa00002c2        0x2 
 COMMON         0xa00002c4       0xe0 build/default/debug/_ext/536368125/UDP.o
                0xa00002c4                UDPSocketInfo
 COMMON         0xa00003a4       0x33 build/default/debug/_ext/1472/MainDemo.o
                0xa00003a4                AppConfig
                0xa00003d8                . = ALIGN ((. != 0x0)?0x4:0x1)
 *fill*         0xa00003d7        0x1 
                0xa00003d8                . = ALIGN (0x4)
                0xa00003d8                _end = .
                0xa00003d8                _bss_end = .
                0x00020000                _bmxdudba_address = 0x20000
                0x00020000                _bmxdupba_address = 0x20000

/DISCARD/
 *(.pdr)
 *(.rel.dyn)
 *(.note.GNU-stack)
 *(.note.GNU-stack)
 *(.gnu_debuglink)
 *(.gnu.lto_*)
 *(.discard)

.gptab.sdata
 *(.gptab.data)
 *(.gptab.sdata)

.gptab.sbss
 *(.gptab.bss)
 *(.gptab.sbss)

.mdebug.abi32   0xa00003d8        0x0
 *(.mdebug.abi32)
 .mdebug.abi32  0xa00003d8        0x0 c:/program files/microchip/xc32/v2.41/bin/bin/../../lib/gcc/pic32mx/4.8.3/../../../../pic32mx/lib\software-debug-break.o
 .mdebug.abi32  0xa00003d8        0x0 build/default/debug/_ext/1472/BerkeleyTCPClientDemo.o
 .mdebug.abi32  0xa00003d8        0x0 build/default/debug/_ext/1472/BerkeleyTCPServerDemo.o
 .mdebug.abi32  0xa00003d8        0x0 build/default/debug/_ext/1472/BerkeleyUDPClientDemo.o
 .mdebug.abi32  0xa00003d8        0x0 build/default/debug/_ext/1472/GenericTCPClient.o
 .mdebug.abi32  0xa00003d8        0x0 build/default/debug/_ext/1472/GenericTCPServer.o
 .mdebug.abi32  0xa00003d8        0x0 build/default/debug/_ext/1472/PingDemo.o
 .mdebug.abi32  0xa00003d8        0x0 build/default/debug/_ext/1472/SMTPDemo.o
 .mdebug.abi32  0xa00003d8        0x0 build/default/debug/_ext/1472/UARTConfig.o
 .mdebug.abi32  0xa00003d8        0x0 build/default/debug/_ext/536368125/ARCFOUR.o
 .mdebug.abi32  0xa00003d8        0x0 build/default/debug/_ext/536368125/ARP.o
 .mdebug.abi32  0xa00003d8        0x0 build/default/debug/_ext/536368125/Announce.o
 .mdebug.abi32  0xa00003d8        0x0 build/default/debug/_ext/536368125/AutoIP.o
 .mdebug.abi32  0xa00003d8        0x0 build/default/debug/_ext/536368125/BerkeleyAPI.o
 .mdebug.abi32  0xa00003d8        0x0 build/default/debug/_ext/536368125/BigInt.o
 .mdebug.abi32  0xa00003d8        0x0 build/default/debug/_ext/536368125/DHCP.o
 .mdebug.abi32  0xa00003d8        0x0 build/default/debug/_ext/536368125/DHCPs.o
 .mdebug.abi32  0xa00003d8        0x0 build/default/debug/_ext/536368125/DNS.o
 .mdebug.abi32  0xa00003d8        0x0 build/default/debug/_ext/536368125/DNSs.o
 .mdebug.abi32  0xa00003d8        0x0 build/default/debug/_ext/536368125/Delay.o
 .mdebug.abi32  0xa00003d8        0x0 build/default/debug/_ext/536368125/DynDNS.o
 .mdebug.abi32  0xa00003d8        0x0 build/default/debug/_ext/536368125/ENC28J60.o
 .mdebug.abi32  0xa00003d8        0x0 build/default/debug/_ext/536368125/ENCX24J600.o
 .mdebug.abi32  0xa00003d8        0x0 build/default/debug/_ext/536368125/ETHPIC32ExtPhy.o
 .mdebug.abi32  0xa00003d8        0x0 build/default/debug/_ext/536368125/ETHPIC32ExtPhySMSC8720.o
 .mdebug.abi32  0xa00003d8        0x0 build/default/debug/_ext/536368125/ETHPIC32IntMac.o
 .mdebug.abi32  0xa00003d8        0x0 build/default/debug/_ext/536368125/FTP.o
 .mdebug.abi32  0xa00003d8        0x0 build/default/debug/_ext/536368125/FileSystem.o
 .mdebug.abi32  0xa00003d8        0x0 build/default/debug/_ext/536368125/HTTP2.o
 .mdebug.abi32  0xa00003d8        0x0 build/default/debug/_ext/536368125/Hashes.o
 .mdebug.abi32  0xa00003d8        0x0 build/default/debug/_ext/536368125/Helpers.o
 .mdebug.abi32  0xa00003d8        0x0 build/default/debug/_ext/536368125/ICMP.o
 .mdebug.abi32  0xa00003d8        0x0 build/default/debug/_ext/536368125/IP.o
 .mdebug.abi32  0xa00003d8        0x0 build/default/debug/_ext/536368125/LCDBlocking.o
 .mdebug.abi32  0xa00003d8        0x0 build/default/debug/_ext/536368125/MPFS2.o
 .mdebug.abi32  0xa00003d8        0x0 build/default/debug/_ext/536368125/NBNS.o
 .mdebug.abi32  0xa00003d8        0x0 build/default/debug/_ext/536368125/RSA.o
 .mdebug.abi32  0xa00003d8        0x0 build/default/debug/_ext/536368125/Random.o
 .mdebug.abi32  0xa00003d8        0x0 build/default/debug/_ext/536368125/Reboot.o
 .mdebug.abi32  0xa00003d8        0x0 build/default/debug/_ext/536368125/SMTP.o
 .mdebug.abi32  0xa00003d8        0x0 build/default/debug/_ext/536368125/SNMP.o
 .mdebug.abi32  0xa00003d8        0x0 build/default/debug/_ext/536368125/SNMPv3.o
 .mdebug.abi32  0xa00003d8        0x0 build/default/debug/_ext/536368125/SNMPv3USM.o
 .mdebug.abi32  0xa00003d8        0x0 build/default/debug/_ext/536368125/SNTP.o
 .mdebug.abi32  0xa00003d8        0x0 build/default/debug/_ext/536368125/SPIEEPROM.o
 .mdebug.abi32  0xa00003d8        0x0 build/default/debug/_ext/536368125/SPIFlash.o
 .mdebug.abi32  0xa00003d8        0x0 build/default/debug/_ext/536368125/SPIRAM.o
 .mdebug.abi32  0xa00003d8        0x0 build/default/debug/_ext/536368125/SSL.o
 .mdebug.abi32  0xa00003d8        0x0 build/default/debug/_ext/536368125/StackTsk.o
 .mdebug.abi32  0xa00003d8        0x0 build/default/debug/_ext/536368125/TCP.o
 .mdebug.abi32  0xa00003d8        0x0 build/default/debug/_ext/536368125/TCPPerformanceTest.o
 .mdebug.abi32  0xa00003d8        0x0 build/default/debug/_ext/536368125/TFTPc.o
 .mdebug.abi32  0xa00003d8        0x0 build/default/debug/_ext/536368125/Telnet.o
 .mdebug.abi32  0xa00003d8        0x0 build/default/debug/_ext/536368125/Tick.o
 .mdebug.abi32  0xa00003d8        0x0 build/default/debug/_ext/536368125/UART.o
 .mdebug.abi32  0xa00003d8        0x0 build/default/debug/_ext/536368125/UART2TCPBridge.o
 .mdebug.abi32  0xa00003d8        0x0 build/default/debug/_ext/536368125/UDP.o
 .mdebug.abi32  0xa00003d8        0x0 build/default/debug/_ext/536368125/UDPPerformanceTest.o
 .mdebug.abi32  0xa00003d8        0x0 build/default/debug/_ext/536368125/ZeroconfHelper.o
 .mdebug.abi32  0xa00003d8        0x0 build/default/debug/_ext/536368125/ZeroconfLinkLocal.o
 .mdebug.abi32  0xa00003d8        0x0 build/default/debug/_ext/536368125/ZeroconfMulticastDNS.o
 .mdebug.abi32  0xa00003d8        0x0 build/default/debug/_ext/1472/CustomHTTPApp.o
 .mdebug.abi32  0xa00003d8        0x0 build/default/debug/_ext/1472/CustomSNMPApp.o
 .mdebug.abi32  0xa00003d8        0x0 build/default/debug/_ext/1472/CustomSSLCert.o
 .mdebug.abi32  0xa00003d8        0x0 build/default/debug/_ext/1472/MainDemo.o
 .mdebug.abi32  0xa00003d8        0x0 build/default/debug/_ext/1472/LEDTCPServer_v2.o
 .mdebug.abi32  0xa00003d8        0x0 c:/program files/microchip/xc32/v2.41/bin/bin/../../lib/gcc/pic32mx/4.8.3/../../../../pic32mx/lib\libmchp_peripheral.a(read_core_timer_lib.o)
 .mdebug.abi32  0xa00003d8        0x0 c:/program files/microchip/xc32/v2.41/bin/bin/../../lib/gcc/pic32mx/4.8.3/../../../../pic32mx/lib\libmchp_peripheral_32MX795F512L.a(eth_ack_packet_lib.o)
 .mdebug.abi32  0xa00003d8        0x0 c:/program files/microchip/xc32/v2.41/bin/bin/../../lib/gcc/pic32mx/4.8.3/../../../../pic32mx/lib\libmchp_peripheral_32MX795F512L.a(eth_descriptors_add_lib.o)
 .mdebug.abi32  0xa00003d8        0x0 c:/program files/microchip/xc32/v2.41/bin/bin/../../lib/gcc/pic32mx/4.8.3/../../../../pic32mx/lib\libmchp_peripheral_32MX795F512L.a(eth_init_lib.o)
 .mdebug.abi32  0xa00003d8        0x0 c:/program files/microchip/xc32/v2.41/bin/bin/../../lib/gcc/pic32mx/4.8.3/../../../../pic32mx/lib\libmchp_peripheral_32MX795F512L.a(eth_mac_open_lib.o)
 .mdebug.abi32  0xa00003d8        0x0 c:/program files/microchip/xc32/v2.41/bin/bin/../../lib/gcc/pic32mx/4.8.3/../../../../pic32mx/lib\libmchp_peripheral_32MX795F512L.a(eth_mac_set_address_max_lib.o)
 .mdebug.abi32  0xa00003d8        0x0 c:/program files/microchip/xc32/v2.41/bin/bin/../../lib/gcc/pic32mx/4.8.3/../../../../pic32mx/lib\libmchp_peripheral_32MX795F512L.a(eth_rx_buffers_append_lib.o)
 .mdebug.abi32  0xa00003d8        0x0 c:/program files/microchip/xc32/v2.41/bin/bin/../../lib/gcc/pic32mx/4.8.3/../../../../pic32mx/lib\libmchp_peripheral_32MX795F512L.a(eth_rx_filters_lib.o)
 .mdebug.abi32  0xa00003d8        0x0 c:/program files/microchip/xc32/v2.41/bin/bin/../../lib/gcc/pic32mx/4.8.3/../../../../pic32mx/lib\libmchp_peripheral_32MX795F512L.a(eth_rx_get_packet_lib.o)
 .mdebug.abi32  0xa00003d8        0x0 c:/program files/microchip/xc32/v2.41/bin/bin/../../lib/gcc/pic32mx/4.8.3/../../../../pic32mx/lib\libmchp_peripheral_32MX795F512L.a(eth_rx_set_buffer_size_lib.o)
 .mdebug.abi32  0xa00003d8        0x0 c:/program files/microchip/xc32/v2.41/bin/bin/../../lib/gcc/pic32mx/4.8.3/../../../../pic32mx/lib\libmchp_peripheral_32MX795F512L.a(eth_tx_packet_lib.o)
 .mdebug.abi32  0xa00003d8        0x0 c:/program files/microchip/xc32/v2.41/bin/bin/../../lib/gcc/pic32mx/4.8.3/../../../../pic32mx/lib\libmchp_peripheral_32MX795F512L.a(_eth_append_busy_list_lib.o)
 .mdebug.abi32  0xa00003d8        0x0 c:/program files/microchip/xc32/v2.41/bin/bin/../../lib/gcc/pic32mx/4.8.3/../../../../pic32mx/lib\libmchp_peripheral_32MX795F512L.a(eth_miim_access.o)
 .mdebug.abi32  0xa00003d8        0x0 c:/program files/microchip/xc32/v2.41/bin/bin/../../lib/gcc/pic32mx/4.8.3/../../../../pic32mx/lib\libmchp_peripheral_32MX795F512L.a(pcache.o)
 .mdebug.abi32  0xa00003d8        0x0 c:/program files/microchip/xc32/v2.41/bin/bin/../../lib/gcc/pic32mx/4.8.3/../../../../pic32mx/lib\libmchp_peripheral_32MX795F512L.a(int_disable_interrupts_lib.o)
 .mdebug.abi32  0xa00003d8        0x0 c:/program files/microchip/xc32/v2.41/bin/bin/../../lib/gcc/pic32mx/4.8.3/../../../../pic32mx/lib\libmchp_peripheral_32MX795F512L.a(int_restore_interrupts_lib.o)
 .mdebug.abi32  0xa00003d8        0x0 c:/program files/microchip/xc32/v2.41/bin/bin/../../lib/gcc/pic32mx/4.8.3/../../../../pic32mx/lib\libmchp_peripheral_32MX795F512L.a(int_enable_mv_int_lib.o)
 .mdebug.abi32  0xa00003d8        0x0 c:/program files/microchip/xc32/v2.41/bin/bin/../../lib/gcc/pic32mx/4.8.3/../../../../pic32mx/lib\libmchp_peripheral_32MX795F512L.a(int_tbl_lib.o)
 .mdebug.abi32  0xa00003d8        0x0 c:/program files/microchip/xc32/v2.41/bin/bin/../../lib/gcc/pic32mx/4.8.3/../../../../pic32mx/lib\libmchp_peripheral_32MX795F512L.a(port_set_pins_digital_in_lib.o)
 .mdebug.abi32  0xa00003d8        0x0 c:/program files/microchip/xc32/v2.41/bin/bin/../../lib/gcc/pic32mx/4.8.3/../../../../pic32mx/lib\libmchp_peripheral_32MX795F512L.a(port_set_pins_digital_out_lib.o)
 .mdebug.abi32  0xa00003d8        0x0 c:/program files/microchip/xc32/v2.41/bin/bin/../../lib/gcc/pic32mx/4.8.3/../../../../pic32mx/lib\libmchp_peripheral_32MX795F512L.a(port_clear_bits_lib.o)
 .mdebug.abi32  0xa00003d8        0x0 c:/program files/microchip/xc32/v2.41/bin/bin/../../lib/gcc/pic32mx/4.8.3/../../../../pic32mx/lib\libmchp_peripheral_32MX795F512L.a(port_set_bits_lib.o)
 .mdebug.abi32  0xa00003d8        0x0 c:/program files/microchip/xc32/v2.41/bin/bin/../../lib/gcc/pic32mx/4.8.3/../../../../pic32mx/lib\libmchp_peripheral_32MX795F512L.a(_ports_tbl_libp.o)
 .mdebug.abi32  0xa00003d8        0x0 c:/program files/microchip/xc32/v2.41/bin/bin/../../lib/gcc/pic32mx/4.8.3/../../../../pic32mx/lib\libmchp_peripheral_32MX795F512L.a(int_enable_interrupts_lib.o)
 .mdebug.abi32  0xa00003d8        0x0 c:/program files/microchip/xc32/v2.41/bin/bin/../../lib/gcc/pic32mx/4.8.3\libgcc.a(_udivdi3.o)
 .mdebug.abi32  0xa00003d8        0x0 c:/program files/microchip/xc32/v2.41/bin/bin/../../lib/gcc/pic32mx/4.8.3/../../../../pic32mx/lib\libpic32.a(default-bootstrap-exception-handler.o)
 .mdebug.abi32  0xa00003d8        0x0 c:/program files/microchip/xc32/v2.41/bin/bin/../../lib/gcc/pic32mx/4.8.3/../../../../pic32mx/lib\libpic32.a(default-on-reset.o)
 .mdebug.abi32  0xa00003d8        0x0 c:/program files/microchip/xc32/v2.41/bin/bin/../../lib/gcc/pic32mx/4.8.3/../../../../pic32mx/lib\libpic32.a(default-on-bootstrap.o)
 .mdebug.abi32  0xa00003d8        0x0 c:/program files/microchip/xc32/v2.41/bin/bin/../../lib/gcc/pic32mx/4.8.3/../../../../pic32mx/lib\libpic32.a(defaultinterrupt.o)
 .mdebug.abi32  0xa00003d8        0x0 c:/program files/microchip/xc32/v2.41/bin/bin/../../lib/gcc/pic32mx/4.8.3/../../../../pic32mx/lib\libc.a(calloc.o)
 .mdebug.abi32  0xa00003d8        0x0 c:/program files/microchip/xc32/v2.41/bin/bin/../../lib/gcc/pic32mx/4.8.3/../../../../pic32mx/lib\libc.a(malloc.o)
 .mdebug.abi32  0xa00003d8        0x0 c:/program files/microchip/xc32/v2.41/bin/bin/../../lib/gcc/pic32mx/4.8.3/../../../../pic32mx/lib\libc.a(strncpy.o)
 .mdebug.abi32  0xa00003d8        0x0 c:/program files/microchip/xc32/v2.41/bin/bin/../../lib/gcc/pic32mx/4.8.3/../../../../pic32mx/lib\libpic32.a(sbrk.o)
 .mdebug.abi32  0xa00003d8        0x0 c:/program files/microchip/xc32/v2.41/bin/bin/../../lib/gcc/pic32mx/4.8.3/../../../../pic32mx/lib\libpic32.a(errno.o)

.mdebug.abiN32
 *(.mdebug.abiN32)

.mdebug.abi64
 *(.mdebug.abi64)

.mdebug.abiO64
 *(.mdebug.abiO64)

.mdebug.eabi32
 *(.mdebug.eabi32)

.mdebug.eabi64
 *(.mdebug.eabi64)

.gcc_compiled_long32
 *(.gcc_compiled_long32)

.gcc_compiled_long64
 *(.gcc_compiled_long64)

.stab
 *(.stab)

.stabstr
 *(.stabstr)

.stab.excl
 *(.stab.excl)

.stab.exclstr
 *(.stab.exclstr)

.stab.index
 *(.stab.index)

.stab.indexstr
 *(.stab.indexstr)

.comment        0x00000000      0x10c
 *(.comment)
 .comment       0x00000000       0x3c c:/program files/microchip/xc32/v2.41/bin/bin/../../lib/gcc/pic32mx/4.8.3/../../../../pic32mx/lib\software-debug-break.o
                                 0x3d (size before relaxing)
 .comment       0x00000000       0x3d build/default/debug/_ext/1472/BerkeleyTCPClientDemo.o
 .comment       0x00000000       0x3d build/default/debug/_ext/1472/BerkeleyTCPServerDemo.o
 .comment       0x00000000       0x3d build/default/debug/_ext/1472/BerkeleyUDPClientDemo.o
 .comment       0x00000000       0x3d build/default/debug/_ext/1472/GenericTCPClient.o
 .comment       0x00000000       0x3d build/default/debug/_ext/1472/GenericTCPServer.o
 .comment       0x00000000       0x3d build/default/debug/_ext/1472/PingDemo.o
 .comment       0x00000000       0x3d build/default/debug/_ext/1472/SMTPDemo.o
 .comment       0x00000000       0x3d build/default/debug/_ext/1472/UARTConfig.o
 .comment       0x00000000       0x3d build/default/debug/_ext/536368125/ARCFOUR.o
 .comment       0x00000000       0x3d build/default/debug/_ext/536368125/ARP.o
 .comment       0x00000000       0x3d build/default/debug/_ext/536368125/Announce.o
 .comment       0x00000000       0x3d build/default/debug/_ext/536368125/AutoIP.o
 .comment       0x00000000       0x3d build/default/debug/_ext/536368125/BerkeleyAPI.o
 .comment       0x00000000       0x3d build/default/debug/_ext/536368125/BigInt.o
 .comment       0x00000000       0x3d build/default/debug/_ext/536368125/DHCP.o
 .comment       0x00000000       0x3d build/default/debug/_ext/536368125/DHCPs.o
 .comment       0x00000000       0x3d build/default/debug/_ext/536368125/DNS.o
 .comment       0x00000000       0x3d build/default/debug/_ext/536368125/DNSs.o
 .comment       0x00000000       0x3d build/default/debug/_ext/536368125/Delay.o
 .comment       0x00000000       0x3d build/default/debug/_ext/536368125/DynDNS.o
 .comment       0x00000000       0x3d build/default/debug/_ext/536368125/ENC28J60.o
 .comment       0x00000000       0x3d build/default/debug/_ext/536368125/ENCX24J600.o
 .comment       0x00000000       0x3d build/default/debug/_ext/536368125/ETHPIC32ExtPhy.o
 .comment       0x00000000       0x3d build/default/debug/_ext/536368125/ETHPIC32ExtPhySMSC8720.o
 .comment       0x00000000       0x3d build/default/debug/_ext/536368125/ETHPIC32IntMac.o
 .comment       0x00000000       0x3d build/default/debug/_ext/536368125/FTP.o
 .comment       0x00000000       0x3d build/default/debug/_ext/536368125/FileSystem.o
 .comment       0x00000000       0x3d build/default/debug/_ext/536368125/HTTP2.o
 .comment       0x00000000       0x3d build/default/debug/_ext/536368125/Hashes.o
 .comment       0x00000000       0x3d build/default/debug/_ext/536368125/Helpers.o
 .comment       0x00000000       0x3d build/default/debug/_ext/536368125/ICMP.o
 .comment       0x00000000       0x3d build/default/debug/_ext/536368125/IP.o
 .comment       0x00000000       0x3d build/default/debug/_ext/536368125/LCDBlocking.o
 .comment       0x00000000       0x3d build/default/debug/_ext/536368125/MPFS2.o
 .comment       0x00000000       0x3d build/default/debug/_ext/536368125/NBNS.o
 .comment       0x00000000       0x3d build/default/debug/_ext/536368125/RSA.o
 .comment       0x00000000       0x3d build/default/debug/_ext/536368125/Random.o
 .comment       0x00000000       0x3d build/default/debug/_ext/536368125/Reboot.o
 .comment       0x00000000       0x3d build/default/debug/_ext/536368125/SMTP.o
 .comment       0x00000000       0x3d build/default/debug/_ext/536368125/SNMP.o
 .comment       0x00000000       0x3d build/default/debug/_ext/536368125/SNMPv3.o
 .comment       0x00000000       0x3d build/default/debug/_ext/536368125/SNMPv3USM.o
 .comment       0x00000000       0x3d build/default/debug/_ext/536368125/SNTP.o
 .comment       0x00000000       0x3d build/default/debug/_ext/536368125/SPIEEPROM.o
 .comment       0x00000000       0x3d build/default/debug/_ext/536368125/SPIFlash.o
 .comment       0x00000000       0x3d build/default/debug/_ext/536368125/SPIRAM.o
 .comment       0x00000000       0x3d build/default/debug/_ext/536368125/SSL.o
 .comment       0x00000000       0x3d build/default/debug/_ext/536368125/StackTsk.o
 .comment       0x00000000       0x3d build/default/debug/_ext/536368125/TCP.o
 .comment       0x00000000       0x3d build/default/debug/_ext/536368125/TCPPerformanceTest.o
 .comment       0x00000000       0x3d build/default/debug/_ext/536368125/TFTPc.o
 .comment       0x00000000       0x3d build/default/debug/_ext/536368125/Telnet.o
 .comment       0x00000000       0x3d build/default/debug/_ext/536368125/Tick.o
 .comment       0x00000000       0x3d build/default/debug/_ext/536368125/UART.o
 .comment       0x00000000       0x3d build/default/debug/_ext/536368125/UART2TCPBridge.o
 .comment       0x00000000       0x3d build/default/debug/_ext/536368125/UDP.o
 .comment       0x00000000       0x3d build/default/debug/_ext/536368125/UDPPerformanceTest.o
 .comment       0x00000000       0x3d build/default/debug/_ext/536368125/ZeroconfHelper.o
 .comment       0x00000000       0x3d build/default/debug/_ext/536368125/ZeroconfLinkLocal.o
 .comment       0x00000000       0x3d build/default/debug/_ext/536368125/ZeroconfMulticastDNS.o
 .comment       0x00000000       0x3d build/default/debug/_ext/1472/CustomHTTPApp.o
 .comment       0x00000000       0x3d build/default/debug/_ext/1472/CustomSNMPApp.o
 .comment       0x00000000       0x3d build/default/debug/_ext/1472/CustomSSLCert.o
 .comment       0x00000000       0x3d build/default/debug/_ext/1472/MainDemo.o
 .comment       0x00000000       0x3d build/default/debug/_ext/1472/LEDTCPServer_v2.o
 .comment       0x0000003c       0x3c c:/program files/microchip/xc32/v2.41/bin/bin/../../lib/gcc/pic32mx/4.8.3/../../../../pic32mx/lib\libmchp_peripheral.a(read_core_timer_lib.o)
                                 0x3d (size before relaxing)
 .comment       0x00000000       0x3d c:/program files/microchip/xc32/v2.41/bin/bin/../../lib/gcc/pic32mx/4.8.3/../../../../pic32mx/lib\libmchp_peripheral_32MX795F512L.a(eth_ack_packet_lib.o)
 .comment       0x00000000       0x3d c:/program files/microchip/xc32/v2.41/bin/bin/../../lib/gcc/pic32mx/4.8.3/../../../../pic32mx/lib\libmchp_peripheral_32MX795F512L.a(eth_descriptors_add_lib.o)
 .comment       0x00000000       0x3d c:/program files/microchip/xc32/v2.41/bin/bin/../../lib/gcc/pic32mx/4.8.3/../../../../pic32mx/lib\libmchp_peripheral_32MX795F512L.a(eth_init_lib.o)
 .comment       0x00000000       0x3d c:/program files/microchip/xc32/v2.41/bin/bin/../../lib/gcc/pic32mx/4.8.3/../../../../pic32mx/lib\libmchp_peripheral_32MX795F512L.a(eth_mac_open_lib.o)
 .comment       0x00000000       0x3d c:/program files/microchip/xc32/v2.41/bin/bin/../../lib/gcc/pic32mx/4.8.3/../../../../pic32mx/lib\libmchp_peripheral_32MX795F512L.a(eth_mac_set_address_max_lib.o)
 .comment       0x00000000       0x3d c:/program files/microchip/xc32/v2.41/bin/bin/../../lib/gcc/pic32mx/4.8.3/../../../../pic32mx/lib\libmchp_peripheral_32MX795F512L.a(eth_rx_buffers_append_lib.o)
 .comment       0x00000000       0x3d c:/program files/microchip/xc32/v2.41/bin/bin/../../lib/gcc/pic32mx/4.8.3/../../../../pic32mx/lib\libmchp_peripheral_32MX795F512L.a(eth_rx_filters_lib.o)
 .comment       0x00000000       0x3d c:/program files/microchip/xc32/v2.41/bin/bin/../../lib/gcc/pic32mx/4.8.3/../../../../pic32mx/lib\libmchp_peripheral_32MX795F512L.a(eth_rx_get_packet_lib.o)
 .comment       0x00000000       0x3d c:/program files/microchip/xc32/v2.41/bin/bin/../../lib/gcc/pic32mx/4.8.3/../../../../pic32mx/lib\libmchp_peripheral_32MX795F512L.a(eth_rx_set_buffer_size_lib.o)
 .comment       0x00000000       0x3d c:/program files/microchip/xc32/v2.41/bin/bin/../../lib/gcc/pic32mx/4.8.3/../../../../pic32mx/lib\libmchp_peripheral_32MX795F512L.a(eth_tx_packet_lib.o)
 .comment       0x00000000       0x3d c:/program files/microchip/xc32/v2.41/bin/bin/../../lib/gcc/pic32mx/4.8.3/../../../../pic32mx/lib\libmchp_peripheral_32MX795F512L.a(_eth_append_busy_list_lib.o)
 .comment       0x00000000       0x3d c:/program files/microchip/xc32/v2.41/bin/bin/../../lib/gcc/pic32mx/4.8.3/../../../../pic32mx/lib\libmchp_peripheral_32MX795F512L.a(eth_miim_access.o)
 .comment       0x00000000       0x3d c:/program files/microchip/xc32/v2.41/bin/bin/../../lib/gcc/pic32mx/4.8.3/../../../../pic32mx/lib\libmchp_peripheral_32MX795F512L.a(pcache.o)
 .comment       0x00000000       0x3d c:/program files/microchip/xc32/v2.41/bin/bin/../../lib/gcc/pic32mx/4.8.3/../../../../pic32mx/lib\libmchp_peripheral_32MX795F512L.a(int_disable_interrupts_lib.o)
 .comment       0x00000000       0x3d c:/program files/microchip/xc32/v2.41/bin/bin/../../lib/gcc/pic32mx/4.8.3/../../../../pic32mx/lib\libmchp_peripheral_32MX795F512L.a(int_restore_interrupts_lib.o)
 .comment       0x00000000       0x3d c:/program files/microchip/xc32/v2.41/bin/bin/../../lib/gcc/pic32mx/4.8.3/../../../../pic32mx/lib\libmchp_peripheral_32MX795F512L.a(int_enable_mv_int_lib.o)
 .comment       0x00000000       0x3d c:/program files/microchip/xc32/v2.41/bin/bin/../../lib/gcc/pic32mx/4.8.3/../../../../pic32mx/lib\libmchp_peripheral_32MX795F512L.a(int_tbl_lib.o)
 .comment       0x00000000       0x3d c:/program files/microchip/xc32/v2.41/bin/bin/../../lib/gcc/pic32mx/4.8.3/../../../../pic32mx/lib\libmchp_peripheral_32MX795F512L.a(port_set_pins_digital_in_lib.o)
 .comment       0x00000000       0x3d c:/program files/microchip/xc32/v2.41/bin/bin/../../lib/gcc/pic32mx/4.8.3/../../../../pic32mx/lib\libmchp_peripheral_32MX795F512L.a(port_set_pins_digital_out_lib.o)
 .comment       0x00000000       0x3d c:/program files/microchip/xc32/v2.41/bin/bin/../../lib/gcc/pic32mx/4.8.3/../../../../pic32mx/lib\libmchp_peripheral_32MX795F512L.a(port_clear_bits_lib.o)
 .comment       0x00000000       0x3d c:/program files/microchip/xc32/v2.41/bin/bin/../../lib/gcc/pic32mx/4.8.3/../../../../pic32mx/lib\libmchp_peripheral_32MX795F512L.a(port_set_bits_lib.o)
 .comment       0x00000000       0x3d c:/program files/microchip/xc32/v2.41/bin/bin/../../lib/gcc/pic32mx/4.8.3/../../../../pic32mx/lib\libmchp_peripheral_32MX795F512L.a(_ports_tbl_libp.o)
 .comment       0x00000000       0x3d c:/program files/microchip/xc32/v2.41/bin/bin/../../lib/gcc/pic32mx/4.8.3/../../../../pic32mx/lib\libmchp_peripheral_32MX795F512L.a(int_enable_interrupts_lib.o)
 .comment       0x00000000       0x3d c:/program files/microchip/xc32/v2.41/bin/bin/../../lib/gcc/pic32mx/4.8.3\libgcc.a(_udivdi3.o)
 .comment       0x00000078       0x18 c:/program files/microchip/xc32/v2.41/bin/bin/../../lib/gcc/pic32mx/4.8.3/../../../../pic32mx/lib\libpic32.a(memcmp.o)
                                 0x19 (size before relaxing)
 .comment       0x00000090       0x18 c:/program files/microchip/xc32/v2.41/bin/bin/../../lib/gcc/pic32mx/4.8.3/../../../../pic32mx/lib\libpic32.a(memset.o)
                                 0x19 (size before relaxing)
 .comment       0x000000a8       0x19 c:/program files/microchip/xc32/v2.41/bin/bin/../../lib/gcc/pic32mx/4.8.3/../../../../pic32mx/lib\libpic32.a(strlen.o)
                                 0x1a (size before relaxing)
 .comment       0x00000000       0x3d c:/program files/microchip/xc32/v2.41/bin/bin/../../lib/gcc/pic32mx/4.8.3/../../../../pic32mx/lib\libpic32.a(default-bootstrap-exception-handler.o)
 .comment       0x00000000       0x3d c:/program files/microchip/xc32/v2.41/bin/bin/../../lib/gcc/pic32mx/4.8.3/../../../../pic32mx/lib\libpic32.a(default-on-reset.o)
 .comment       0x00000000       0x3d c:/program files/microchip/xc32/v2.41/bin/bin/../../lib/gcc/pic32mx/4.8.3/../../../../pic32mx/lib\libpic32.a(default-on-bootstrap.o)
 .comment       0x00000000       0x3d c:/program files/microchip/xc32/v2.41/bin/bin/../../lib/gcc/pic32mx/4.8.3/../../../../pic32mx/lib\libpic32.a(defaultinterrupt.o)
 .comment       0x00000000       0x3d c:/program files/microchip/xc32/v2.41/bin/bin/../../lib/gcc/pic32mx/4.8.3/../../../../pic32mx/lib\libc.a(calloc.o)
 .comment       0x00000000       0x3d c:/program files/microchip/xc32/v2.41/bin/bin/../../lib/gcc/pic32mx/4.8.3/../../../../pic32mx/lib\libc.a(malloc.o)
 .comment       0x00000000       0x3d c:/program files/microchip/xc32/v2.41/bin/bin/../../lib/gcc/pic32mx/4.8.3/../../../../pic32mx/lib\libc.a(strncpy.o)
 .comment       0x000000c1       0x4b c:/program files/microchip/xc32/v2.41/bin/bin/../../lib/gcc/pic32mx/4.8.3/../../../../pic32mx/lib\libpic32.a(sbrk.o)
                                 0x88 (size before relaxing)
 .comment       0x00000000       0x3d c:/program files/microchip/xc32/v2.41/bin/bin/../../lib/gcc/pic32mx/4.8.3/../../../../pic32mx/lib\libpic32.a(errno.o)

.debug
 *(.debug)

.line
 *(.line)

.debug_srcinfo
 *(.debug_srcinfo)

.debug_sfnames
 *(.debug_sfnames)

.debug_aranges  0x00000000      0xc38
 *(.debug_aranges)
 .debug_aranges
                0x00000000       0x20 c:/program files/microchip/xc32/v2.41/bin/bin/../../lib/gcc/pic32mx/4.8.3/../../../../pic32mx/lib\software-debug-break.o
 .debug_aranges
                0x00000020       0x18 build/default/debug/_ext/1472/BerkeleyTCPClientDemo.o
 .debug_aranges
                0x00000038       0x18 build/default/debug/_ext/1472/BerkeleyTCPServerDemo.o
 .debug_aranges
                0x00000050       0x18 build/default/debug/_ext/1472/BerkeleyUDPClientDemo.o
 .debug_aranges
                0x00000068       0x18 build/default/debug/_ext/1472/GenericTCPClient.o
 .debug_aranges
                0x00000080       0x20 build/default/debug/_ext/1472/GenericTCPServer.o
 .debug_aranges
                0x000000a0       0x18 build/default/debug/_ext/1472/PingDemo.o
 .debug_aranges
                0x000000b8       0x18 build/default/debug/_ext/1472/SMTPDemo.o
 .debug_aranges
                0x000000d0       0x18 build/default/debug/_ext/1472/UARTConfig.o
 .debug_aranges
                0x000000e8       0x18 build/default/debug/_ext/536368125/ARCFOUR.o
 .debug_aranges
                0x00000100       0x20 build/default/debug/_ext/536368125/ARP.o
 .debug_aranges
                0x00000120       0x20 build/default/debug/_ext/536368125/Announce.o
 .debug_aranges
                0x00000140       0x18 build/default/debug/_ext/536368125/AutoIP.o
 .debug_aranges
                0x00000158       0x18 build/default/debug/_ext/536368125/BerkeleyAPI.o
 .debug_aranges
                0x00000170       0x18 build/default/debug/_ext/536368125/BigInt.o
 .debug_aranges
                0x00000188       0x18 build/default/debug/_ext/536368125/DHCP.o
 .debug_aranges
                0x000001a0       0x20 build/default/debug/_ext/536368125/DHCPs.o
 .debug_aranges
                0x000001c0       0x18 build/default/debug/_ext/536368125/DNS.o
 .debug_aranges
                0x000001d8       0x18 build/default/debug/_ext/536368125/DNSs.o
 .debug_aranges
                0x000001f0       0x20 build/default/debug/_ext/536368125/Delay.o
 .debug_aranges
                0x00000210       0x18 build/default/debug/_ext/536368125/DynDNS.o
 .debug_aranges
                0x00000228       0x18 build/default/debug/_ext/536368125/ENC28J60.o
 .debug_aranges
                0x00000240       0x18 build/default/debug/_ext/536368125/ENCX24J600.o
 .debug_aranges
                0x00000258       0x20 build/default/debug/_ext/536368125/ETHPIC32ExtPhy.o
 .debug_aranges
                0x00000278       0x20 build/default/debug/_ext/536368125/ETHPIC32ExtPhySMSC8720.o
 .debug_aranges
                0x00000298       0x20 build/default/debug/_ext/536368125/ETHPIC32IntMac.o
 .debug_aranges
                0x000002b8       0x18 build/default/debug/_ext/536368125/FTP.o
 .debug_aranges
                0x000002d0       0x18 build/default/debug/_ext/536368125/FileSystem.o
 .debug_aranges
                0x000002e8       0x18 build/default/debug/_ext/536368125/HTTP2.o
 .debug_aranges
                0x00000300       0x18 build/default/debug/_ext/536368125/Hashes.o
 .debug_aranges
                0x00000318       0x20 build/default/debug/_ext/536368125/Helpers.o
 .debug_aranges
                0x00000338       0x20 build/default/debug/_ext/536368125/ICMP.o
 .debug_aranges
                0x00000358       0x20 build/default/debug/_ext/536368125/IP.o
 .debug_aranges
                0x00000378       0x18 build/default/debug/_ext/536368125/LCDBlocking.o
 .debug_aranges
                0x00000390       0x18 build/default/debug/_ext/536368125/MPFS2.o
 .debug_aranges
                0x000003a8       0x18 build/default/debug/_ext/536368125/NBNS.o
 .debug_aranges
                0x000003c0       0x18 build/default/debug/_ext/536368125/RSA.o
 .debug_aranges
                0x000003d8       0x18 build/default/debug/_ext/536368125/Random.o
 .debug_aranges
                0x000003f0       0x18 build/default/debug/_ext/536368125/Reboot.o
 .debug_aranges
                0x00000408       0x18 build/default/debug/_ext/536368125/SMTP.o
 .debug_aranges
                0x00000420       0x18 build/default/debug/_ext/536368125/SNMP.o
 .debug_aranges
                0x00000438       0x18 build/default/debug/_ext/536368125/SNMPv3.o
 .debug_aranges
                0x00000450       0x18 build/default/debug/_ext/536368125/SNMPv3USM.o
 .debug_aranges
                0x00000468       0x18 build/default/debug/_ext/536368125/SNTP.o
 .debug_aranges
                0x00000480       0x18 build/default/debug/_ext/536368125/SPIEEPROM.o
 .debug_aranges
                0x00000498       0x18 build/default/debug/_ext/536368125/SPIFlash.o
 .debug_aranges
                0x000004b0       0x18 build/default/debug/_ext/536368125/SPIRAM.o
 .debug_aranges
                0x000004c8       0x18 build/default/debug/_ext/536368125/SSL.o
 .debug_aranges
                0x000004e0       0x20 build/default/debug/_ext/536368125/StackTsk.o
 .debug_aranges
                0x00000500       0x20 build/default/debug/_ext/536368125/TCP.o
 .debug_aranges
                0x00000520       0x18 build/default/debug/_ext/536368125/TCPPerformanceTest.o
 .debug_aranges
                0x00000538       0x18 build/default/debug/_ext/536368125/TFTPc.o
 .debug_aranges
                0x00000550       0x18 build/default/debug/_ext/536368125/Telnet.o
 .debug_aranges
                0x00000568       0x20 build/default/debug/_ext/536368125/Tick.o
 .debug_aranges
                0x00000588       0x18 build/default/debug/_ext/536368125/UART.o
 .debug_aranges
                0x000005a0       0x18 build/default/debug/_ext/536368125/UART2TCPBridge.o
 .debug_aranges
                0x000005b8       0x20 build/default/debug/_ext/536368125/UDP.o
 .debug_aranges
                0x000005d8       0x18 build/default/debug/_ext/536368125/UDPPerformanceTest.o
 .debug_aranges
                0x000005f0       0x18 build/default/debug/_ext/536368125/ZeroconfHelper.o
 .debug_aranges
                0x00000608       0x18 build/default/debug/_ext/536368125/ZeroconfLinkLocal.o
 .debug_aranges
                0x00000620       0x18 build/default/debug/_ext/536368125/ZeroconfMulticastDNS.o
 .debug_aranges
                0x00000638       0x18 build/default/debug/_ext/1472/CustomHTTPApp.o
 .debug_aranges
                0x00000650       0x18 build/default/debug/_ext/1472/CustomSNMPApp.o
 .debug_aranges
                0x00000668       0x18 build/default/debug/_ext/1472/CustomSSLCert.o
 .debug_aranges
                0x00000680       0x20 build/default/debug/_ext/1472/MainDemo.o
 .debug_aranges
                0x000006a0       0x20 build/default/debug/_ext/1472/LEDTCPServer_v2.o
 .debug_aranges
                0x000006c0       0x40 C:\Users\ferens\AppData\Local\Temp\ccWYfrih.o
 .debug_aranges
                0x00000700       0x20 c:/program files/microchip/xc32/v2.41/bin/bin/../../lib/gcc/pic32mx/4.8.3/../../../../pic32mx/lib\libmchp_peripheral.a(read_core_timer_lib.o)
 .debug_aranges
                0x00000720       0x48 c:/program files/microchip/xc32/v2.41/bin/bin/../../lib/gcc/pic32mx/4.8.3/../../../../pic32mx/lib\libmchp_peripheral_32MX795F512L.a(eth_ack_packet_lib.o)
 .debug_aranges
                0x00000768       0x28 c:/program files/microchip/xc32/v2.41/bin/bin/../../lib/gcc/pic32mx/4.8.3/../../../../pic32mx/lib\libmchp_peripheral_32MX795F512L.a(eth_descriptors_add_lib.o)
 .debug_aranges
                0x00000790       0x20 c:/program files/microchip/xc32/v2.41/bin/bin/../../lib/gcc/pic32mx/4.8.3/../../../../pic32mx/lib\libmchp_peripheral_32MX795F512L.a(eth_init_lib.o)
 .debug_aranges
                0x000007b0       0x20 c:/program files/microchip/xc32/v2.41/bin/bin/../../lib/gcc/pic32mx/4.8.3/../../../../pic32mx/lib\libmchp_peripheral_32MX795F512L.a(eth_mac_open_lib.o)
 .debug_aranges
                0x000007d0       0x30 c:/program files/microchip/xc32/v2.41/bin/bin/../../lib/gcc/pic32mx/4.8.3/../../../../pic32mx/lib\libmchp_peripheral_32MX795F512L.a(eth_mac_set_address_max_lib.o)
 .debug_aranges
                0x00000800       0x20 c:/program files/microchip/xc32/v2.41/bin/bin/../../lib/gcc/pic32mx/4.8.3/../../../../pic32mx/lib\libmchp_peripheral_32MX795F512L.a(eth_rx_buffers_append_lib.o)
 .debug_aranges
                0x00000820       0x48 c:/program files/microchip/xc32/v2.41/bin/bin/../../lib/gcc/pic32mx/4.8.3/../../../../pic32mx/lib\libmchp_peripheral_32MX795F512L.a(eth_rx_filters_lib.o)
 .debug_aranges
                0x00000868       0x28 c:/program files/microchip/xc32/v2.41/bin/bin/../../lib/gcc/pic32mx/4.8.3/../../../../pic32mx/lib\libmchp_peripheral_32MX795F512L.a(eth_rx_get_packet_lib.o)
 .debug_aranges
                0x00000890       0x20 c:/program files/microchip/xc32/v2.41/bin/bin/../../lib/gcc/pic32mx/4.8.3/../../../../pic32mx/lib\libmchp_peripheral_32MX795F512L.a(eth_rx_set_buffer_size_lib.o)
 .debug_aranges
                0x000008b0       0x48 c:/program files/microchip/xc32/v2.41/bin/bin/../../lib/gcc/pic32mx/4.8.3/../../../../pic32mx/lib\libmchp_peripheral_32MX795F512L.a(eth_tx_packet_lib.o)
 .debug_aranges
                0x000008f8       0x20 c:/program files/microchip/xc32/v2.41/bin/bin/../../lib/gcc/pic32mx/4.8.3/../../../../pic32mx/lib\libmchp_peripheral_32MX795F512L.a(_eth_append_busy_list_lib.o)
 .debug_aranges
                0x00000918       0x48 c:/program files/microchip/xc32/v2.41/bin/bin/../../lib/gcc/pic32mx/4.8.3/../../../../pic32mx/lib\libmchp_peripheral_32MX795F512L.a(eth_miim_access.o)
 .debug_aranges
                0x00000960       0x28 c:/program files/microchip/xc32/v2.41/bin/bin/../../lib/gcc/pic32mx/4.8.3/../../../../pic32mx/lib\libmchp_peripheral_32MX795F512L.a(pcache.o)
 .debug_aranges
                0x00000988       0x20 c:/program files/microchip/xc32/v2.41/bin/bin/../../lib/gcc/pic32mx/4.8.3/../../../../pic32mx/lib\libmchp_peripheral_32MX795F512L.a(int_disable_interrupts_lib.o)
 .debug_aranges
                0x000009a8       0x20 c:/program files/microchip/xc32/v2.41/bin/bin/../../lib/gcc/pic32mx/4.8.3/../../../../pic32mx/lib\libmchp_peripheral_32MX795F512L.a(int_restore_interrupts_lib.o)
 .debug_aranges
                0x000009c8       0x20 c:/program files/microchip/xc32/v2.41/bin/bin/../../lib/gcc/pic32mx/4.8.3/../../../../pic32mx/lib\libmchp_peripheral_32MX795F512L.a(int_enable_mv_int_lib.o)
 .debug_aranges
                0x000009e8       0x60 c:/program files/microchip/xc32/v2.41/bin/bin/../../lib/gcc/pic32mx/4.8.3/../../../../pic32mx/lib\libmchp_peripheral_32MX795F512L.a(int_tbl_lib.o)
 .debug_aranges
                0x00000a48       0x20 c:/program files/microchip/xc32/v2.41/bin/bin/../../lib/gcc/pic32mx/4.8.3/../../../../pic32mx/lib\libmchp_peripheral_32MX795F512L.a(port_set_pins_digital_in_lib.o)
 .debug_aranges
                0x00000a68       0x20 c:/program files/microchip/xc32/v2.41/bin/bin/../../lib/gcc/pic32mx/4.8.3/../../../../pic32mx/lib\libmchp_peripheral_32MX795F512L.a(port_set_pins_digital_out_lib.o)
 .debug_aranges
                0x00000a88       0x20 c:/program files/microchip/xc32/v2.41/bin/bin/../../lib/gcc/pic32mx/4.8.3/../../../../pic32mx/lib\libmchp_peripheral_32MX795F512L.a(port_clear_bits_lib.o)
 .debug_aranges
                0x00000aa8       0x20 c:/program files/microchip/xc32/v2.41/bin/bin/../../lib/gcc/pic32mx/4.8.3/../../../../pic32mx/lib\libmchp_peripheral_32MX795F512L.a(port_set_bits_lib.o)
 .debug_aranges
                0x00000ac8       0x20 c:/program files/microchip/xc32/v2.41/bin/bin/../../lib/gcc/pic32mx/4.8.3/../../../../pic32mx/lib\libmchp_peripheral_32MX795F512L.a(int_enable_interrupts_lib.o)
 .debug_aranges
                0x00000ae8       0x20 c:/program files/microchip/xc32/v2.41/bin/bin/../../lib/gcc/pic32mx/4.8.3\libgcc.a(_udivdi3.o)
 .debug_aranges
                0x00000b08       0x20 c:/program files/microchip/xc32/v2.41/bin/bin/../../lib/gcc/pic32mx/4.8.3/../../../../pic32mx/lib\libpic32.a(default-bootstrap-exception-handler.o)
 .debug_aranges
                0x00000b28       0x20 c:/program files/microchip/xc32/v2.41/bin/bin/../../lib/gcc/pic32mx/4.8.3/../../../../pic32mx/lib\libpic32.a(default-on-reset.o)
 .debug_aranges
                0x00000b48       0x20 c:/program files/microchip/xc32/v2.41/bin/bin/../../lib/gcc/pic32mx/4.8.3/../../../../pic32mx/lib\libpic32.a(default-on-bootstrap.o)
 .debug_aranges
                0x00000b68       0x20 c:/program files/microchip/xc32/v2.41/bin/bin/../../lib/gcc/pic32mx/4.8.3/../../../../pic32mx/lib\libpic32.a(defaultinterrupt.o)
 .debug_aranges
                0x00000b88       0x20 c:/program files/microchip/xc32/v2.41/bin/bin/../../lib/gcc/pic32mx/4.8.3/../../../../pic32mx/lib\libc.a(calloc.o)
 .debug_aranges
                0x00000ba8       0x30 c:/program files/microchip/xc32/v2.41/bin/bin/../../lib/gcc/pic32mx/4.8.3/../../../../pic32mx/lib\libc.a(malloc.o)
 .debug_aranges
                0x00000bd8       0x20 c:/program files/microchip/xc32/v2.41/bin/bin/../../lib/gcc/pic32mx/4.8.3/../../../../pic32mx/lib\libc.a(strncpy.o)
 .debug_aranges
                0x00000bf8       0x40 c:/program files/microchip/xc32/v2.41/bin/bin/../../lib/gcc/pic32mx/4.8.3/../../../../pic32mx/lib\libpic32.a(sbrk.o)

.debug_pubnames
 *(.debug_pubnames)

.debug_info     0x00000000    0x54dc0
 *(.debug_info .gnu.linkonce.wi.*)
 .debug_info    0x00000000       0xe3 c:/program files/microchip/xc32/v2.41/bin/bin/../../lib/gcc/pic32mx/4.8.3/../../../../pic32mx/lib\software-debug-break.o
 .debug_info    0x000000e3      0xfc1 build/default/debug/_ext/1472/BerkeleyTCPClientDemo.o
 .debug_info    0x000010a4      0xfc1 build/default/debug/_ext/1472/BerkeleyTCPServerDemo.o
 .debug_info    0x00002065      0xfc1 build/default/debug/_ext/1472/BerkeleyUDPClientDemo.o
 .debug_info    0x00003026      0xfbc build/default/debug/_ext/1472/GenericTCPClient.o
 .debug_info    0x00003fe2     0x12cd build/default/debug/_ext/1472/GenericTCPServer.o
 .debug_info    0x000052af      0xfb4 build/default/debug/_ext/1472/PingDemo.o
 .debug_info    0x00006263      0xfb4 build/default/debug/_ext/1472/SMTPDemo.o
 .debug_info    0x00007217      0xfb6 build/default/debug/_ext/1472/UARTConfig.o
 .debug_info    0x000081cd      0xfcf build/default/debug/_ext/536368125/ARCFOUR.o
 .debug_info    0x0000919c     0x1c12 build/default/debug/_ext/536368125/ARP.o
 .debug_info    0x0000adae     0x1d47 build/default/debug/_ext/536368125/Announce.o
 .debug_info    0x0000caf5      0xfce build/default/debug/_ext/536368125/AutoIP.o
 .debug_info    0x0000dac3      0xfd3 build/default/debug/_ext/536368125/BerkeleyAPI.o
 .debug_info    0x0000ea96      0xfce build/default/debug/_ext/536368125/BigInt.o
 .debug_info    0x0000fa64      0xfcc build/default/debug/_ext/536368125/DHCP.o
 .debug_info    0x00010a30     0x269b build/default/debug/_ext/536368125/DHCPs.o
 .debug_info    0x000130cb      0xfcb build/default/debug/_ext/536368125/DNS.o
 .debug_info    0x00014096      0xfcc build/default/debug/_ext/536368125/DNSs.o
 .debug_info    0x00015062     0x1080 build/default/debug/_ext/536368125/Delay.o
 .debug_info    0x000160e2      0xfce build/default/debug/_ext/536368125/DynDNS.o
 .debug_info    0x000170b0      0xfd0 build/default/debug/_ext/536368125/ENC28J60.o
 .debug_info    0x00018080      0xfd2 build/default/debug/_ext/536368125/ENCX24J600.o
 .debug_info    0x00019052     0x3005 build/default/debug/_ext/536368125/ETHPIC32ExtPhy.o
 .debug_info    0x0001c057     0x155b build/default/debug/_ext/536368125/ETHPIC32ExtPhySMSC8720.o
 .debug_info    0x0001d5b2     0x331a build/default/debug/_ext/536368125/ETHPIC32IntMac.o
 .debug_info    0x000208cc      0xfcb build/default/debug/_ext/536368125/FTP.o
 .debug_info    0x00021897      0xfd2 build/default/debug/_ext/536368125/FileSystem.o
 .debug_info    0x00022869      0xfcd build/default/debug/_ext/536368125/HTTP2.o
 .debug_info    0x00023836      0xfce build/default/debug/_ext/536368125/Hashes.o
 .debug_info    0x00024804     0x23da build/default/debug/_ext/536368125/Helpers.o
 .debug_info    0x00026bde     0x1801 build/default/debug/_ext/536368125/ICMP.o
 .debug_info    0x000283df     0x1b89 build/default/debug/_ext/536368125/IP.o
 .debug_info    0x00029f68      0xfd3 build/default/debug/_ext/536368125/LCDBlocking.o
 .debug_info    0x0002af3b      0xfcd build/default/debug/_ext/536368125/MPFS2.o
 .debug_info    0x0002bf08      0xfcc build/default/debug/_ext/536368125/NBNS.o
 .debug_info    0x0002ced4      0xfcb build/default/debug/_ext/536368125/RSA.o
 .debug_info    0x0002de9f      0xfce build/default/debug/_ext/536368125/Random.o
 .debug_info    0x0002ee6d      0xfce build/default/debug/_ext/536368125/Reboot.o
 .debug_info    0x0002fe3b      0xfcc build/default/debug/_ext/536368125/SMTP.o
 .debug_info    0x00030e07      0xfcc build/default/debug/_ext/536368125/SNMP.o
 .debug_info    0x00031dd3      0xfce build/default/debug/_ext/536368125/SNMPv3.o
 .debug_info    0x00032da1      0xfd1 build/default/debug/_ext/536368125/SNMPv3USM.o
 .debug_info    0x00033d72      0xfcc build/default/debug/_ext/536368125/SNTP.o
 .debug_info    0x00034d3e      0xfd1 build/default/debug/_ext/536368125/SPIEEPROM.o
 .debug_info    0x00035d0f      0xfd0 build/default/debug/_ext/536368125/SPIFlash.o
 .debug_info    0x00036cdf      0xfce build/default/debug/_ext/536368125/SPIRAM.o
 .debug_info    0x00037cad      0xfcb build/default/debug/_ext/536368125/SSL.o
 .debug_info    0x00038c78     0x1b47 build/default/debug/_ext/536368125/StackTsk.o
 .debug_info    0x0003a7bf     0x427b build/default/debug/_ext/536368125/TCP.o
 .debug_info    0x0003ea3a      0xfda build/default/debug/_ext/536368125/TCPPerformanceTest.o
 .debug_info    0x0003fa14      0xfcd build/default/debug/_ext/536368125/TFTPc.o
 .debug_info    0x000409e1      0xfce build/default/debug/_ext/536368125/Telnet.o
 .debug_info    0x000419af     0x1914 build/default/debug/_ext/536368125/Tick.o
 .debug_info    0x000432c3      0xfcc build/default/debug/_ext/536368125/UART.o
 .debug_info    0x0004428f      0xfd6 build/default/debug/_ext/536368125/UART2TCPBridge.o
 .debug_info    0x00045265     0x26d6 build/default/debug/_ext/536368125/UDP.o
 .debug_info    0x0004793b      0xfda build/default/debug/_ext/536368125/UDPPerformanceTest.o
 .debug_info    0x00048915      0xfd6 build/default/debug/_ext/536368125/ZeroconfHelper.o
 .debug_info    0x000498eb      0xfd9 build/default/debug/_ext/536368125/ZeroconfLinkLocal.o
 .debug_info    0x0004a8c4      0xfdc build/default/debug/_ext/536368125/ZeroconfMulticastDNS.o
 .debug_info    0x0004b8a0      0xfb9 build/default/debug/_ext/1472/CustomHTTPApp.o
 .debug_info    0x0004c859      0xfb9 build/default/debug/_ext/1472/CustomSNMPApp.o
 .debug_info    0x0004d812      0xfb9 build/default/debug/_ext/1472/CustomSSLCert.o
 .debug_info    0x0004e7cb     0x2978 build/default/debug/_ext/1472/MainDemo.o
 .debug_info    0x00051143     0x18aa build/default/debug/_ext/1472/LEDTCPServer_v2.o
 .debug_info    0x000529ed       0xd6 C:\Users\ferens\AppData\Local\Temp\ccWYfrih.o
 .debug_info    0x00052ac3       0xa8 c:/program files/microchip/xc32/v2.41/bin/bin/../../lib/gcc/pic32mx/4.8.3/../../../../pic32mx/lib\libmchp_peripheral.a(read_core_timer_lib.o)
 .debug_info    0x00052b6b      0x16e c:/program files/microchip/xc32/v2.41/bin/bin/../../lib/gcc/pic32mx/4.8.3/../../../../pic32mx/lib\libmchp_peripheral_32MX795F512L.a(eth_ack_packet_lib.o)
 .debug_info    0x00052cd9       0xf1 c:/program files/microchip/xc32/v2.41/bin/bin/../../lib/gcc/pic32mx/4.8.3/../../../../pic32mx/lib\libmchp_peripheral_32MX795F512L.a(eth_descriptors_add_lib.o)
 .debug_info    0x00052dca       0xbc c:/program files/microchip/xc32/v2.41/bin/bin/../../lib/gcc/pic32mx/4.8.3/../../../../pic32mx/lib\libmchp_peripheral_32MX795F512L.a(eth_init_lib.o)
 .debug_info    0x00052e86       0xa0 c:/program files/microchip/xc32/v2.41/bin/bin/../../lib/gcc/pic32mx/4.8.3/../../../../pic32mx/lib\libmchp_peripheral_32MX795F512L.a(eth_mac_open_lib.o)
 .debug_info    0x00052f26       0xf2 c:/program files/microchip/xc32/v2.41/bin/bin/../../lib/gcc/pic32mx/4.8.3/../../../../pic32mx/lib\libmchp_peripheral_32MX795F512L.a(eth_mac_set_address_max_lib.o)
 .debug_info    0x00053018       0xe4 c:/program files/microchip/xc32/v2.41/bin/bin/../../lib/gcc/pic32mx/4.8.3/../../../../pic32mx/lib\libmchp_peripheral_32MX795F512L.a(eth_rx_buffers_append_lib.o)
 .debug_info    0x000530fc      0x14a c:/program files/microchip/xc32/v2.41/bin/bin/../../lib/gcc/pic32mx/4.8.3/../../../../pic32mx/lib\libmchp_peripheral_32MX795F512L.a(eth_rx_filters_lib.o)
 .debug_info    0x00053246       0xc7 c:/program files/microchip/xc32/v2.41/bin/bin/../../lib/gcc/pic32mx/4.8.3/../../../../pic32mx/lib\libmchp_peripheral_32MX795F512L.a(eth_rx_get_packet_lib.o)
 .debug_info    0x0005330d       0xb2 c:/program files/microchip/xc32/v2.41/bin/bin/../../lib/gcc/pic32mx/4.8.3/../../../../pic32mx/lib\libmchp_peripheral_32MX795F512L.a(eth_rx_set_buffer_size_lib.o)
 .debug_info    0x000533bf      0x185 c:/program files/microchip/xc32/v2.41/bin/bin/../../lib/gcc/pic32mx/4.8.3/../../../../pic32mx/lib\libmchp_peripheral_32MX795F512L.a(eth_tx_packet_lib.o)
 .debug_info    0x00053544       0xd2 c:/program files/microchip/xc32/v2.41/bin/bin/../../lib/gcc/pic32mx/4.8.3/../../../../pic32mx/lib\libmchp_peripheral_32MX795F512L.a(_eth_append_busy_list_lib.o)
 .debug_info    0x00053616      0x146 c:/program files/microchip/xc32/v2.41/bin/bin/../../lib/gcc/pic32mx/4.8.3/../../../../pic32mx/lib\libmchp_peripheral_32MX795F512L.a(eth_miim_access.o)
 .debug_info    0x0005375c       0xbe c:/program files/microchip/xc32/v2.41/bin/bin/../../lib/gcc/pic32mx/4.8.3/../../../../pic32mx/lib\libmchp_peripheral_32MX795F512L.a(pcache.o)
 .debug_info    0x0005381a       0xb4 c:/program files/microchip/xc32/v2.41/bin/bin/../../lib/gcc/pic32mx/4.8.3/../../../../pic32mx/lib\libmchp_peripheral_32MX795F512L.a(int_disable_interrupts_lib.o)
 .debug_info    0x000538ce       0xb4 c:/program files/microchip/xc32/v2.41/bin/bin/../../lib/gcc/pic32mx/4.8.3/../../../../pic32mx/lib\libmchp_peripheral_32MX795F512L.a(int_restore_interrupts_lib.o)
 .debug_info    0x00053982       0xba c:/program files/microchip/xc32/v2.41/bin/bin/../../lib/gcc/pic32mx/4.8.3/../../../../pic32mx/lib\libmchp_peripheral_32MX795F512L.a(int_enable_mv_int_lib.o)
 .debug_info    0x00053a3c      0x19c c:/program files/microchip/xc32/v2.41/bin/bin/../../lib/gcc/pic32mx/4.8.3/../../../../pic32mx/lib\libmchp_peripheral_32MX795F512L.a(int_tbl_lib.o)
 .debug_info    0x00053bd8       0xb8 c:/program files/microchip/xc32/v2.41/bin/bin/../../lib/gcc/pic32mx/4.8.3/../../../../pic32mx/lib\libmchp_peripheral_32MX795F512L.a(port_set_pins_digital_in_lib.o)
 .debug_info    0x00053c90       0xba c:/program files/microchip/xc32/v2.41/bin/bin/../../lib/gcc/pic32mx/4.8.3/../../../../pic32mx/lib\libmchp_peripheral_32MX795F512L.a(port_set_pins_digital_out_lib.o)
 .debug_info    0x00053d4a       0xa8 c:/program files/microchip/xc32/v2.41/bin/bin/../../lib/gcc/pic32mx/4.8.3/../../../../pic32mx/lib\libmchp_peripheral_32MX795F512L.a(port_clear_bits_lib.o)
 .debug_info    0x00053df2       0xa4 c:/program files/microchip/xc32/v2.41/bin/bin/../../lib/gcc/pic32mx/4.8.3/../../../../pic32mx/lib\libmchp_peripheral_32MX795F512L.a(port_set_bits_lib.o)
 .debug_info    0x00053e96       0xb2 c:/program files/microchip/xc32/v2.41/bin/bin/../../lib/gcc/pic32mx/4.8.3/../../../../pic32mx/lib\libmchp_peripheral_32MX795F512L.a(int_enable_interrupts_lib.o)
 .debug_info    0x00053f48      0x74b c:/program files/microchip/xc32/v2.41/bin/bin/../../lib/gcc/pic32mx/4.8.3\libgcc.a(_udivdi3.o)
 .debug_info    0x00054693       0xf4 c:/program files/microchip/xc32/v2.41/bin/bin/../../lib/gcc/pic32mx/4.8.3/../../../../pic32mx/lib\libpic32.a(default-bootstrap-exception-handler.o)
 .debug_info    0x00054787       0xcd c:/program files/microchip/xc32/v2.41/bin/bin/../../lib/gcc/pic32mx/4.8.3/../../../../pic32mx/lib\libpic32.a(default-on-reset.o)
 .debug_info    0x00054854       0xd5 c:/program files/microchip/xc32/v2.41/bin/bin/../../lib/gcc/pic32mx/4.8.3/../../../../pic32mx/lib\libpic32.a(default-on-bootstrap.o)
 .debug_info    0x00054929       0xe7 c:/program files/microchip/xc32/v2.41/bin/bin/../../lib/gcc/pic32mx/4.8.3/../../../../pic32mx/lib\libpic32.a(defaultinterrupt.o)
 .debug_info    0x00054a10       0xc4 c:/program files/microchip/xc32/v2.41/bin/bin/../../lib/gcc/pic32mx/4.8.3/../../../../pic32mx/lib\libc.a(calloc.o)
 .debug_info    0x00054ad4       0xf5 c:/program files/microchip/xc32/v2.41/bin/bin/../../lib/gcc/pic32mx/4.8.3/../../../../pic32mx/lib\libc.a(malloc.o)
 .debug_info    0x00054bc9       0xc6 c:/program files/microchip/xc32/v2.41/bin/bin/../../lib/gcc/pic32mx/4.8.3/../../../../pic32mx/lib\libc.a(strncpy.o)
 .debug_info    0x00054c8f      0x131 c:/program files/microchip/xc32/v2.41/bin/bin/../../lib/gcc/pic32mx/4.8.3/../../../../pic32mx/lib\libpic32.a(sbrk.o)

.debug_abbrev   0x00000000     0x69b8
 *(.debug_abbrev)
 .debug_abbrev  0x00000000       0x28 c:/program files/microchip/xc32/v2.41/bin/bin/../../lib/gcc/pic32mx/4.8.3/../../../../pic32mx/lib\software-debug-break.o
 .debug_abbrev  0x00000028      0x118 build/default/debug/_ext/1472/BerkeleyTCPClientDemo.o
 .debug_abbrev  0x00000140      0x118 build/default/debug/_ext/1472/BerkeleyTCPServerDemo.o
 .debug_abbrev  0x00000258      0x118 build/default/debug/_ext/1472/BerkeleyUDPClientDemo.o
 .debug_abbrev  0x00000370      0x118 build/default/debug/_ext/1472/GenericTCPClient.o
 .debug_abbrev  0x00000488      0x1c6 build/default/debug/_ext/1472/GenericTCPServer.o
 .debug_abbrev  0x0000064e      0x118 build/default/debug/_ext/1472/PingDemo.o
 .debug_abbrev  0x00000766      0x118 build/default/debug/_ext/1472/SMTPDemo.o
 .debug_abbrev  0x0000087e      0x118 build/default/debug/_ext/1472/UARTConfig.o
 .debug_abbrev  0x00000996      0x118 build/default/debug/_ext/536368125/ARCFOUR.o
 .debug_abbrev  0x00000aae      0x2cc build/default/debug/_ext/536368125/ARP.o
 .debug_abbrev  0x00000d7a      0x278 build/default/debug/_ext/536368125/Announce.o
 .debug_abbrev  0x00000ff2      0x118 build/default/debug/_ext/536368125/AutoIP.o
 .debug_abbrev  0x0000110a      0x118 build/default/debug/_ext/536368125/BerkeleyAPI.o
 .debug_abbrev  0x00001222      0x118 build/default/debug/_ext/536368125/BigInt.o
 .debug_abbrev  0x0000133a      0x118 build/default/debug/_ext/536368125/DHCP.o
 .debug_abbrev  0x00001452      0x27e build/default/debug/_ext/536368125/DHCPs.o
 .debug_abbrev  0x000016d0      0x118 build/default/debug/_ext/536368125/DNS.o
 .debug_abbrev  0x000017e8      0x118 build/default/debug/_ext/536368125/DNSs.o